Jun 22 13:16:49 archlinux kernel: microcode: microcode updated early to revision 0xf0, date = 2021-11-16
Jun 22 13:16:49 archlinux kernel: Linux version 5.18.5-arch1-1 (linux@archlinux) (gcc (GCC) 12.1.0, GNU ld (GNU Binutils) 2.38) #1 SMP PREEMPT_DYNAMIC Thu, 16 Jun 2022 20:40:45 +0000
Jun 22 13:16:49 archlinux kernel: Command line: BOOT_IMAGE=/boot/vmlinuz-linux root=UUID=4c014b94-e681-4477-b7b7-3ae9aa3bb064 rw quiet splash button.lid_init_state=open
Jun 22 13:16:49 archlinux kernel: x86/fpu: Supporting XSAVE feature 0x001: 'x87 floating point registers'
Jun 22 13:16:49 archlinux kernel: x86/fpu: Supporting XSAVE feature 0x002: 'SSE registers'
Jun 22 13:16:49 archlinux kernel: x86/fpu: Supporting XSAVE feature 0x004: 'AVX registers'
Jun 22 13:16:49 archlinux kernel: x86/fpu: Supporting XSAVE feature 0x008: 'MPX bounds registers'
Jun 22 13:16:49 archlinux kernel: x86/fpu: Supporting XSAVE feature 0x010: 'MPX CSR'
Jun 22 13:16:49 archlinux kernel: x86/fpu: Supporting XSAVE feature 0x200: 'Protection Keys User registers'
Jun 22 13:16:49 archlinux kernel: x86/fpu: xstate_offset[2]:  576, xstate_sizes[2]:  256
Jun 22 13:16:49 archlinux kernel: x86/fpu: xstate_offset[3]:  832, xstate_sizes[3]:   64
Jun 22 13:16:49 archlinux kernel: x86/fpu: xstate_offset[4]:  896, xstate_sizes[4]:   64
Jun 22 13:16:49 archlinux kernel: x86/fpu: xstate_offset[9]:  960, xstate_sizes[9]:    8
Jun 22 13:16:49 archlinux kernel: x86/fpu: Enabled xstate features 0x21f, context size is 968 bytes, using 'compacted' format.
Jun 22 13:16:49 archlinux kernel: signal: max sigframe size: 3632
Jun 22 13:16:49 archlinux kernel: BIOS-provided physical RAM map:
Jun 22 13:16:49 archlinux kernel: BIOS-e820: [mem 0x0000000000000000-0x000000000009dfff] usable
Jun 22 13:16:49 archlinux kernel: BIOS-e820: [mem 0x000000000009e000-0x000000000009efff] reserved
Jun 22 13:16:49 archlinux kernel: BIOS-e820: [mem 0x000000000009f000-0x000000000009ffff] usable
Jun 22 13:16:49 archlinux kernel: BIOS-e820: [mem 0x00000000000a0000-0x00000000000fffff] reserved
Jun 22 13:16:49 archlinux kernel: BIOS-e820: [mem 0x0000000000100000-0x0000000082c09fff] usable
Jun 22 13:16:49 archlinux kernel: BIOS-e820: [mem 0x0000000082c0a000-0x0000000084a9bfff] reserved
Jun 22 13:16:49 archlinux kernel: BIOS-e820: [mem 0x0000000084a9c000-0x0000000084bcbfff] ACPI data
Jun 22 13:16:49 archlinux kernel: BIOS-e820: [mem 0x0000000084bcc000-0x0000000084e23fff] ACPI NVS
Jun 22 13:16:49 archlinux kernel: BIOS-e820: [mem 0x0000000084e24000-0x0000000085893fff] reserved
Jun 22 13:16:49 archlinux kernel: BIOS-e820: [mem 0x0000000085894000-0x0000000085b4dfff] type 20
Jun 22 13:16:49 archlinux kernel: BIOS-e820: [mem 0x0000000085b4e000-0x0000000085b4efff] usable
Jun 22 13:16:49 archlinux kernel: BIOS-e820: [mem 0x0000000085b4f000-0x00000000897fffff] reserved
Jun 22 13:16:49 archlinux kernel: BIOS-e820: [mem 0x00000000e0000000-0x00000000efffffff] reserved
Jun 22 13:16:49 archlinux kernel: BIOS-e820: [mem 0x00000000fe000000-0x00000000fe010fff] reserved
Jun 22 13:16:49 archlinux kernel: BIOS-e820: [mem 0x00000000fec00000-0x00000000fec00fff] reserved
Jun 22 13:16:49 archlinux kernel: BIOS-e820: [mem 0x00000000fed00000-0x00000000fed03fff] reserved
Jun 22 13:16:49 archlinux kernel: BIOS-e820: [mem 0x00000000fee00000-0x00000000fee00fff] reserved
Jun 22 13:16:49 archlinux kernel: BIOS-e820: [mem 0x00000000ff000000-0x00000000ffffffff] reserved
Jun 22 13:16:49 archlinux kernel: BIOS-e820: [mem 0x0000000100000000-0x00000004747fffff] usable
Jun 22 13:16:49 archlinux kernel: NX (Execute Disable) protection: active
Jun 22 13:16:49 archlinux kernel: efi: EFI v2.70 by American Megatrends
Jun 22 13:16:49 archlinux kernel: efi: ACPI=0x84bcb000 ACPI 2.0=0x84bcb014 TPMFinalLog=0x84d72000 SMBIOS=0x85709000 SMBIOS 3.0=0x85708000 MEMATTR=0x7d2c1018 ESRT=0x7f2c2398 
Jun 22 13:16:49 archlinux kernel: SMBIOS 3.2.0 present.
Jun 22 13:16:49 archlinux kernel: DMI: Razer Blade 15 Advanced Model (Early 2020) - RZ09-033/CH551, BIOS 1.06 09/16/2020
Jun 22 13:16:49 archlinux kernel: tsc: Detected 2300.000 MHz processor
Jun 22 13:16:49 archlinux kernel: tsc: Detected 2299.968 MHz TSC
Jun 22 13:16:49 archlinux kernel: e820: update [mem 0x00000000-0x00000fff] usable ==> reserved
Jun 22 13:16:49 archlinux kernel: e820: remove [mem 0x000a0000-0x000fffff] usable
Jun 22 13:16:49 archlinux kernel: last_pfn = 0x474800 max_arch_pfn = 0x400000000
Jun 22 13:16:49 archlinux kernel: x86/PAT: Configuration [0-7]: WB  WC  UC- UC  WB  WP  UC- WT  
Jun 22 13:16:49 archlinux kernel: last_pfn = 0x85b4f max_arch_pfn = 0x400000000
Jun 22 13:16:49 archlinux kernel: esrt: Reserving ESRT space from 0x000000007f2c2398 to 0x000000007f2c23f8.
Jun 22 13:16:49 archlinux kernel: e820: update [mem 0x7f2c2000-0x7f2c2fff] usable ==> reserved
Jun 22 13:16:49 archlinux kernel: Using GB pages for direct mapping
Jun 22 13:16:49 archlinux kernel: Secure boot disabled
Jun 22 13:16:49 archlinux kernel: RAMDISK: [mem 0x2ed93000-0x336c0fff]
Jun 22 13:16:49 archlinux kernel: ACPI: Early table checksum verification disabled
Jun 22 13:16:49 archlinux kernel: ACPI: RSDP 0x0000000084BCB014 000024 (v02 ALASKA)
Jun 22 13:16:49 archlinux kernel: ACPI: XSDT 0x0000000084BCA728 0000FC (v01 ALASKA A M I    01072009 AMI  01000013)
Jun 22 13:16:49 archlinux kernel: ACPI: FACP 0x0000000084BBE000 000114 (v06 ALASKA A M I    01072009 AMI  00010013)
Jun 22 13:16:49 archlinux kernel: ACPI: DSDT 0x0000000084B79000 044D15 (v02 ALASKA A M I    01072009 INTL 20160527)
Jun 22 13:16:49 archlinux kernel: ACPI: FACS 0x0000000084E23000 000040
Jun 22 13:16:49 archlinux kernel: ACPI: MCFG 0x0000000084BC9000 00003C (v01 ALASKA A M I    01072009 MSFT 00000097)
Jun 22 13:16:49 archlinux kernel: ACPI: SSDT 0x0000000084BC6000 002087 (v02 CpuRef CpuSsdt  00003000 INTL 20160527)
Jun 22 13:16:49 archlinux kernel: ACPI: SSDT 0x0000000084BBF000 00697E (v02 INTEL  DptfTabl 00001000 INTL 20160527)
Jun 22 13:16:49 archlinux kernel: ACPI: FIDT 0x0000000084B78000 00009C (v01 ALASKA A M I    01072009 AMI  00010013)
Jun 22 13:16:49 archlinux kernel: ACPI: MSDM 0x0000000084B77000 000055 (v03 ALASKA A M I    01072009 AMI  00010013)
Jun 22 13:16:49 archlinux kernel: ACPI: SSDT 0x0000000084B73000 0031DA (v02 SaSsdt SaSsdt   00003000 INTL 20160527)
Jun 22 13:16:49 archlinux kernel: ACPI: SSDT 0x0000000084B70000 00276C (v02 Intel  PegSsdt  00001000 INTL 20160527)
Jun 22 13:16:49 archlinux kernel: ACPI: HPET 0x0000000084B6F000 000038 (v01 ALASKA A M I    01072009 AMI  01000013)
Jun 22 13:16:49 archlinux kernel: ACPI: SSDT 0x0000000084B6D000 00178C (v02 ALASKA CmlH_Tbt 00001000 INTL 20160527)
Jun 22 13:16:49 archlinux kernel: ACPI: SSDT 0x0000000084B6B000 00147B (v02 ALASKA Ther_Rvp 00001000 INTL 20160527)
Jun 22 13:16:49 archlinux kernel: ACPI: SSDT 0x0000000084B69000 0012C5 (v02 INTEL  xh_cfht4 00000000 INTL 20160527)
Jun 22 13:16:49 archlinux kernel: ACPI: NHLT 0x0000000084B68000 00002D (v00 ALASKA A M I    01072009 AMI  01000013)
Jun 22 13:16:49 archlinux kernel: ACPI: LPIT 0x0000000084B67000 000094 (v01 ALASKA A M I    01072009 AMI  01000013)
Jun 22 13:16:49 archlinux kernel: ACPI: SSDT 0x0000000084B63000 002720 (v02 ALASKA PtidDevc 00001000 INTL 20160527)
Jun 22 13:16:49 archlinux kernel: ACPI: SSDT 0x0000000084B60000 002266 (v02 ALASKA TbtTypeC 00000000 INTL 20160527)
Jun 22 13:16:49 archlinux kernel: ACPI: DBGP 0x0000000084B5F000 000034 (v01 ALASKA A M I    01072009 AMI  01000013)
Jun 22 13:16:49 archlinux kernel: ACPI: DBG2 0x0000000084B5E000 00005C (v00 ALASKA A M I    01072009 AMI  01000013)
Jun 22 13:16:49 archlinux kernel: ACPI: SSDT 0x0000000084B5C000 001B67 (v02 ALASKA UsbCTabl 00001000 INTL 20160527)
Jun 22 13:16:49 archlinux kernel: ACPI: SSDT 0x0000000084B5A000 0000AE (v02 SgRef  SgPeg    00001000 INTL 20160527)
Jun 22 13:16:49 archlinux kernel: ACPI: BGRT 0x0000000084B59000 000038 (v01 ALASKA A M I    01072009 AMI  00010013)
Jun 22 13:16:49 archlinux kernel: ACPI: TPM2 0x0000000084B58000 00004C (v04 ALASKA A M I    00000001 AMI  00000000)
Jun 22 13:16:49 archlinux kernel: ACPI: DMAR 0x0000000084B5B000 0000A8 (v01 INTEL  EDK2     00000002      01000013)
Jun 22 13:16:49 archlinux kernel: ACPI: SSDT 0x0000000084B54000 0033BA (v01 OptRf1 Opt1Tabl 00001000 INTL 20160527)
Jun 22 13:16:49 archlinux kernel: ACPI: WSMT 0x0000000084B66000 000028 (v01 ALASKA A M I    01072009 AMI  00010013)
Jun 22 13:16:49 archlinux kernel: ACPI: APIC 0x0000000084B53000 00012C (v04 ALASKA A M I    01072009 AMI  00010013)
Jun 22 13:16:49 archlinux kernel: ACPI: FPDT 0x0000000084B52000 000044 (v01 ALASKA CML      01072009 AMI  01000013)
Jun 22 13:16:49 archlinux kernel: ACPI: Reserving FACP table memory at [mem 0x84bbe000-0x84bbe113]
Jun 22 13:16:49 archlinux kernel: ACPI: Reserving DSDT table memory at [mem 0x84b79000-0x84bbdd14]
Jun 22 13:16:49 archlinux kernel: ACPI: Reserving FACS table memory at [mem 0x84e23000-0x84e2303f]
Jun 22 13:16:49 archlinux kernel: ACPI: Reserving MCFG table memory at [mem 0x84bc9000-0x84bc903b]
Jun 22 13:16:49 archlinux kernel: ACPI: Reserving SSDT table memory at [mem 0x84bc6000-0x84bc8086]
Jun 22 13:16:49 archlinux kernel: ACPI: Reserving SSDT table memory at [mem 0x84bbf000-0x84bc597d]
Jun 22 13:16:49 archlinux kernel: ACPI: Reserving FIDT table memory at [mem 0x84b78000-0x84b7809b]
Jun 22 13:16:49 archlinux kernel: ACPI: Reserving MSDM table memory at [mem 0x84b77000-0x84b77054]
Jun 22 13:16:49 archlinux kernel: ACPI: Reserving SSDT table memory at [mem 0x84b73000-0x84b761d9]
Jun 22 13:16:49 archlinux kernel: ACPI: Reserving SSDT table memory at [mem 0x84b70000-0x84b7276b]
Jun 22 13:16:49 archlinux kernel: ACPI: Reserving HPET table memory at [mem 0x84b6f000-0x84b6f037]
Jun 22 13:16:49 archlinux kernel: ACPI: Reserving SSDT table memory at [mem 0x84b6d000-0x84b6e78b]
Jun 22 13:16:49 archlinux kernel: ACPI: Reserving SSDT table memory at [mem 0x84b6b000-0x84b6c47a]
Jun 22 13:16:49 archlinux kernel: ACPI: Reserving SSDT table memory at [mem 0x84b69000-0x84b6a2c4]
Jun 22 13:16:49 archlinux kernel: ACPI: Reserving NHLT table memory at [mem 0x84b68000-0x84b6802c]
Jun 22 13:16:49 archlinux kernel: ACPI: Reserving LPIT table memory at [mem 0x84b67000-0x84b67093]
Jun 22 13:16:49 archlinux kernel: ACPI: Reserving SSDT table memory at [mem 0x84b63000-0x84b6571f]
Jun 22 13:16:49 archlinux kernel: ACPI: Reserving SSDT table memory at [mem 0x84b60000-0x84b62265]
Jun 22 13:16:49 archlinux kernel: ACPI: Reserving DBGP table memory at [mem 0x84b5f000-0x84b5f033]
Jun 22 13:16:49 archlinux kernel: ACPI: Reserving DBG2 table memory at [mem 0x84b5e000-0x84b5e05b]
Jun 22 13:16:49 archlinux kernel: ACPI: Reserving SSDT table memory at [mem 0x84b5c000-0x84b5db66]
Jun 22 13:16:49 archlinux kernel: ACPI: Reserving SSDT table memory at [mem 0x84b5a000-0x84b5a0ad]
Jun 22 13:16:49 archlinux kernel: ACPI: Reserving BGRT table memory at [mem 0x84b59000-0x84b59037]
Jun 22 13:16:49 archlinux kernel: ACPI: Reserving TPM2 table memory at [mem 0x84b58000-0x84b5804b]
Jun 22 13:16:49 archlinux kernel: ACPI: Reserving DMAR table memory at [mem 0x84b5b000-0x84b5b0a7]
Jun 22 13:16:49 archlinux kernel: ACPI: Reserving SSDT table memory at [mem 0x84b54000-0x84b573b9]
Jun 22 13:16:49 archlinux kernel: ACPI: Reserving WSMT table memory at [mem 0x84b66000-0x84b66027]
Jun 22 13:16:49 archlinux kernel: ACPI: Reserving APIC table memory at [mem 0x84b53000-0x84b5312b]
Jun 22 13:16:49 archlinux kernel: ACPI: Reserving FPDT table memory at [mem 0x84b52000-0x84b52043]
Jun 22 13:16:49 archlinux kernel: No NUMA configuration found
Jun 22 13:16:49 archlinux kernel: Faking a node at [mem 0x0000000000000000-0x00000004747fffff]
Jun 22 13:16:49 archlinux kernel: NODE_DATA(0) allocated [mem 0x4747fc000-0x4747fffff]
Jun 22 13:16:49 archlinux kernel: Zone ranges:
Jun 22 13:16:49 archlinux kernel:   DMA      [mem 0x0000000000001000-0x0000000000ffffff]
Jun 22 13:16:49 archlinux kernel:   DMA32    [mem 0x0000000001000000-0x00000000ffffffff]
Jun 22 13:16:49 archlinux kernel:   Normal   [mem 0x0000000100000000-0x00000004747fffff]
Jun 22 13:16:49 archlinux kernel:   Device   empty
Jun 22 13:16:49 archlinux kernel: Movable zone start for each node
Jun 22 13:16:49 archlinux kernel: Early memory node ranges
Jun 22 13:16:49 archlinux kernel:   node   0: [mem 0x0000000000001000-0x000000000009dfff]
Jun 22 13:16:49 archlinux kernel:   node   0: [mem 0x000000000009f000-0x000000000009ffff]
Jun 22 13:16:49 archlinux kernel:   node   0: [mem 0x0000000000100000-0x0000000082c09fff]
Jun 22 13:16:49 archlinux kernel:   node   0: [mem 0x0000000085b4e000-0x0000000085b4efff]
Jun 22 13:16:49 archlinux kernel:   node   0: [mem 0x0000000100000000-0x00000004747fffff]
Jun 22 13:16:49 archlinux kernel: Initmem setup node 0 [mem 0x0000000000001000-0x00000004747fffff]
Jun 22 13:16:49 archlinux kernel: On node 0, zone DMA: 1 pages in unavailable ranges
Jun 22 13:16:49 archlinux kernel: On node 0, zone DMA: 1 pages in unavailable ranges
Jun 22 13:16:49 archlinux kernel: On node 0, zone DMA: 96 pages in unavailable ranges
Jun 22 13:16:49 archlinux kernel: On node 0, zone DMA32: 12100 pages in unavailable ranges
Jun 22 13:16:49 archlinux kernel: On node 0, zone Normal: 9393 pages in unavailable ranges
Jun 22 13:16:49 archlinux kernel: On node 0, zone Normal: 14336 pages in unavailable ranges
Jun 22 13:16:49 archlinux kernel: Reserving Intel graphics memory at [mem 0x87800000-0x897fffff]
Jun 22 13:16:49 archlinux kernel: ACPI: PM-Timer IO Port: 0x1808
Jun 22 13:16:49 archlinux kernel: ACPI: LAPIC_NMI (acpi_id[0x01] high edge lint[0x1])
Jun 22 13:16:49 archlinux kernel: ACPI: LAPIC_NMI (acpi_id[0x02] high edge lint[0x1])
Jun 22 13:16:49 archlinux kernel: ACPI: LAPIC_NMI (acpi_id[0x03] high edge lint[0x1])
Jun 22 13:16:49 archlinux kernel: ACPI: LAPIC_NMI (acpi_id[0x04] high edge lint[0x1])
Jun 22 13:16:49 archlinux kernel: ACPI: LAPIC_NMI (acpi_id[0x05] high edge lint[0x1])
Jun 22 13:16:49 archlinux kernel: ACPI: LAPIC_NMI (acpi_id[0x06] high edge lint[0x1])
Jun 22 13:16:49 archlinux kernel: ACPI: LAPIC_NMI (acpi_id[0x07] high edge lint[0x1])
Jun 22 13:16:49 archlinux kernel: ACPI: LAPIC_NMI (acpi_id[0x08] high edge lint[0x1])
Jun 22 13:16:49 archlinux kernel: ACPI: LAPIC_NMI (acpi_id[0x09] high edge lint[0x1])
Jun 22 13:16:49 archlinux kernel: ACPI: LAPIC_NMI (acpi_id[0x0a] high edge lint[0x1])
Jun 22 13:16:49 archlinux kernel: ACPI: LAPIC_NMI (acpi_id[0x0b] high edge lint[0x1])
Jun 22 13:16:49 archlinux kernel: ACPI: LAPIC_NMI (acpi_id[0x0c] high edge lint[0x1])
Jun 22 13:16:49 archlinux kernel: ACPI: LAPIC_NMI (acpi_id[0x0d] high edge lint[0x1])
Jun 22 13:16:49 archlinux kernel: ACPI: LAPIC_NMI (acpi_id[0x0e] high edge lint[0x1])
Jun 22 13:16:49 archlinux kernel: ACPI: LAPIC_NMI (acpi_id[0x0f] high edge lint[0x1])
Jun 22 13:16:49 archlinux kernel: ACPI: LAPIC_NMI (acpi_id[0x10] high edge lint[0x1])
Jun 22 13:16:49 archlinux kernel: IOAPIC[0]: apic_id 2, version 32, address 0xfec00000, GSI 0-119
Jun 22 13:16:49 archlinux kernel: ACPI: INT_SRC_OVR (bus 0 bus_irq 0 global_irq 2 dfl dfl)
Jun 22 13:16:49 archlinux kernel: ACPI: INT_SRC_OVR (bus 0 bus_irq 9 global_irq 9 high level)
Jun 22 13:16:49 archlinux kernel: ACPI: Using ACPI (MADT) for SMP configuration information
Jun 22 13:16:49 archlinux kernel: ACPI: HPET id: 0x8086a201 base: 0xfed00000
Jun 22 13:16:49 archlinux kernel: e820: update [mem 0x7d148000-0x7d161fff] usable ==> reserved
Jun 22 13:16:49 archlinux kernel: TSC deadline timer available
Jun 22 13:16:49 archlinux kernel: smpboot: Allowing 16 CPUs, 0 hotplug CPUs
Jun 22 13:16:49 archlinux kernel: PM: hibernation: Registered nosave memory: [mem 0x00000000-0x00000fff]
Jun 22 13:16:49 archlinux kernel: PM: hibernation: Registered nosave memory: [mem 0x0009e000-0x0009efff]
Jun 22 13:16:49 archlinux kernel: PM: hibernation: Registered nosave memory: [mem 0x000a0000-0x000fffff]
Jun 22 13:16:49 archlinux kernel: PM: hibernation: Registered nosave memory: [mem 0x7d148000-0x7d161fff]
Jun 22 13:16:49 archlinux kernel: PM: hibernation: Registered nosave memory: [mem 0x7f2c2000-0x7f2c2fff]
Jun 22 13:16:49 archlinux kernel: PM: hibernation: Registered nosave memory: [mem 0x82c0a000-0x84a9bfff]
Jun 22 13:16:49 archlinux kernel: PM: hibernation: Registered nosave memory: [mem 0x84a9c000-0x84bcbfff]
Jun 22 13:16:49 archlinux kernel: PM: hibernation: Registered nosave memory: [mem 0x84bcc000-0x84e23fff]
Jun 22 13:16:49 archlinux kernel: PM: hibernation: Registered nosave memory: [mem 0x84e24000-0x85893fff]
Jun 22 13:16:49 archlinux kernel: PM: hibernation: Registered nosave memory: [mem 0x85894000-0x85b4dfff]
Jun 22 13:16:49 archlinux kernel: PM: hibernation: Registered nosave memory: [mem 0x85b4f000-0x897fffff]
Jun 22 13:16:49 archlinux kernel: PM: hibernation: Registered nosave memory: [mem 0x89800000-0xdfffffff]
Jun 22 13:16:49 archlinux kernel: PM: hibernation: Registered nosave memory: [mem 0xe0000000-0xefffffff]
Jun 22 13:16:49 archlinux kernel: PM: hibernation: Registered nosave memory: [mem 0xf0000000-0xfdffffff]
Jun 22 13:16:49 archlinux kernel: PM: hibernation: Registered nosave memory: [mem 0xfe000000-0xfe010fff]
Jun 22 13:16:49 archlinux kernel: PM: hibernation: Registered nosave memory: [mem 0xfe011000-0xfebfffff]
Jun 22 13:16:49 archlinux kernel: PM: hibernation: Registered nosave memory: [mem 0xfec00000-0xfec00fff]
Jun 22 13:16:49 archlinux kernel: PM: hibernation: Registered nosave memory: [mem 0xfec01000-0xfecfffff]
Jun 22 13:16:49 archlinux kernel: PM: hibernation: Registered nosave memory: [mem 0xfed00000-0xfed03fff]
Jun 22 13:16:49 archlinux kernel: PM: hibernation: Registered nosave memory: [mem 0xfed04000-0xfedfffff]
Jun 22 13:16:49 archlinux kernel: PM: hibernation: Registered nosave memory: [mem 0xfee00000-0xfee00fff]
Jun 22 13:16:49 archlinux kernel: PM: hibernation: Registered nosave memory: [mem 0xfee01000-0xfeffffff]
Jun 22 13:16:49 archlinux kernel: PM: hibernation: Registered nosave memory: [mem 0xff000000-0xffffffff]
Jun 22 13:16:49 archlinux kernel: [mem 0x89800000-0xdfffffff] available for PCI devices
Jun 22 13:16:49 archlinux kernel: Booting paravirtualized kernel on bare hardware
Jun 22 13:16:49 archlinux kernel: clocksource: refined-jiffies: mask: 0xffffffff max_cycles: 0xffffffff, max_idle_ns: 6370452778343963 ns
Jun 22 13:16:49 archlinux kernel: setup_percpu: NR_CPUS:320 nr_cpumask_bits:320 nr_cpu_ids:16 nr_node_ids:1
Jun 22 13:16:49 archlinux kernel: percpu: Embedded 63 pages/cpu s221184 r8192 d28672 u262144
Jun 22 13:16:49 archlinux kernel: pcpu-alloc: s221184 r8192 d28672 u262144 alloc=1*2097152
Jun 22 13:16:49 archlinux kernel: pcpu-alloc: [0] 00 01 02 03 04 05 06 07 [0] 08 09 10 11 12 13 14 15 
Jun 22 13:16:49 archlinux kernel: Fallback order for Node 0: 0 
Jun 22 13:16:49 archlinux kernel: Built 1 zonelists, mobility grouping on.  Total pages: 4093242
Jun 22 13:16:49 archlinux kernel: Policy zone: Normal
Jun 22 13:16:49 archlinux kernel: Kernel command line: BOOT_IMAGE=/boot/vmlinuz-linux root=UUID=4c014b94-e681-4477-b7b7-3ae9aa3bb064 rw quiet splash button.lid_init_state=open
Jun 22 13:16:49 archlinux kernel: ACPI: button: Initial lid state set to 'open'
Jun 22 13:16:49 archlinux kernel: Unknown kernel command line parameters "splash BOOT_IMAGE=/boot/vmlinuz-linux", will be passed to user space.
Jun 22 13:16:49 archlinux kernel: Dentry cache hash table entries: 2097152 (order: 12, 16777216 bytes, linear)
Jun 22 13:16:49 archlinux kernel: Inode-cache hash table entries: 1048576 (order: 11, 8388608 bytes, linear)
Jun 22 13:16:49 archlinux kernel: mem auto-init: stack:all(zero), heap alloc:on, heap free:off
Jun 22 13:16:49 archlinux kernel: Memory: 16089328K/16633508K available (14343K kernel code, 2099K rwdata, 11000K rodata, 1860K init, 3356K bss, 543920K reserved, 0K cma-reserved)
Jun 22 13:16:49 archlinux kernel: SLUB: HWalign=64, Order=0-3, MinObjects=0, CPUs=16, Nodes=1
Jun 22 13:16:49 archlinux kernel: ftrace: allocating 44920 entries in 176 pages
Jun 22 13:16:49 archlinux kernel: ftrace: allocated 176 pages with 3 groups
Jun 22 13:16:49 archlinux kernel: Dynamic Preempt: full
Jun 22 13:16:49 archlinux kernel: rcu: Preemptible hierarchical RCU implementation.
Jun 22 13:16:49 archlinux kernel: rcu:         RCU restricting CPUs from NR_CPUS=320 to nr_cpu_ids=16.
Jun 22 13:16:49 archlinux kernel: rcu:         RCU priority boosting: priority 1 delay 500 ms.
Jun 22 13:16:49 archlinux kernel:         Trampoline variant of Tasks RCU enabled.
Jun 22 13:16:49 archlinux kernel:         Rude variant of Tasks RCU enabled.
Jun 22 13:16:49 archlinux kernel:         Tracing variant of Tasks RCU enabled.
Jun 22 13:16:49 archlinux kernel: rcu: RCU calculated value of scheduler-enlistment delay is 30 jiffies.
Jun 22 13:16:49 archlinux kernel: rcu: Adjusting geometry for rcu_fanout_leaf=16, nr_cpu_ids=16
Jun 22 13:16:49 archlinux kernel: NR_IRQS: 20736, nr_irqs: 2184, preallocated irqs: 16
Jun 22 13:16:49 archlinux kernel: kfence: initialized - using 2097152 bytes for 255 objects at 0x(____ptrval____)-0x(____ptrval____)
Jun 22 13:16:49 archlinux kernel: random: crng init done
Jun 22 13:16:49 archlinux kernel: Console: colour dummy device 80x25
Jun 22 13:16:49 archlinux kernel: printk: console [tty0] enabled
Jun 22 13:16:49 archlinux kernel: ACPI: Core revision 20211217
Jun 22 13:16:49 archlinux kernel: hpet: HPET dysfunctional in PC10. Force disabled.
Jun 22 13:16:49 archlinux kernel: APIC: Switch to symmetric I/O mode setup
Jun 22 13:16:49 archlinux kernel: DMAR: Host address width 39
Jun 22 13:16:49 archlinux kernel: DMAR: DRHD base: 0x000000fed90000 flags: 0x0
Jun 22 13:16:49 archlinux kernel: DMAR: dmar0: reg_base_addr fed90000 ver 1:0 cap 1c0000c40660462 ecap 19e2ff0505e
Jun 22 13:16:49 archlinux kernel: DMAR: DRHD base: 0x000000fed91000 flags: 0x1
Jun 22 13:16:49 archlinux kernel: DMAR: dmar1: reg_base_addr fed91000 ver 1:0 cap d2008c40660462 ecap f050da
Jun 22 13:16:49 archlinux kernel: DMAR: RMRR base: 0x0000008524f000 end: 0x00000085498fff
Jun 22 13:16:49 archlinux kernel: DMAR: RMRR base: 0x00000087000000 end: 0x000000897fffff
Jun 22 13:16:49 archlinux kernel: DMAR-IR: IOAPIC id 2 under DRHD base  0xfed91000 IOMMU 1
Jun 22 13:16:49 archlinux kernel: DMAR-IR: HPET id 0 under DRHD base 0xfed91000
Jun 22 13:16:49 archlinux kernel: DMAR-IR: Queued invalidation will be enabled to support x2apic and Intr-remapping.
Jun 22 13:16:49 archlinux kernel: DMAR-IR: Enabled IRQ remapping in x2apic mode
Jun 22 13:16:49 archlinux kernel: x2apic enabled
Jun 22 13:16:49 archlinux kernel: Switched APIC routing to cluster x2apic.
Jun 22 13:16:49 archlinux kernel: clocksource: tsc-early: mask: 0xffffffffffffffff max_cycles: 0x212717146a7, max_idle_ns: 440795291431 ns
Jun 22 13:16:49 archlinux kernel: Calibrating delay loop (skipped), value calculated using timer frequency.. 4601.60 BogoMIPS (lpj=7666560)
Jun 22 13:16:49 archlinux kernel: pid_max: default: 32768 minimum: 301
Jun 22 13:16:49 archlinux kernel: LSM: Security Framework initializing
Jun 22 13:16:49 archlinux kernel: landlock: Up and running.
Jun 22 13:16:49 archlinux kernel: Yama: becoming mindful.
Jun 22 13:16:49 archlinux kernel: LSM support for eBPF active
Jun 22 13:16:49 archlinux kernel: Mount-cache hash table entries: 32768 (order: 6, 262144 bytes, linear)
Jun 22 13:16:49 archlinux kernel: Mountpoint-cache hash table entries: 32768 (order: 6, 262144 bytes, linear)
Jun 22 13:16:49 archlinux kernel: x86/cpu: SGX disabled by BIOS.
Jun 22 13:16:49 archlinux kernel: CPU0: Thermal monitoring enabled (TM1)
Jun 22 13:16:49 archlinux kernel: process: using mwait in idle threads
Jun 22 13:16:49 archlinux kernel: Last level iTLB entries: 4KB 64, 2MB 8, 4MB 8
Jun 22 13:16:49 archlinux kernel: Last level dTLB entries: 4KB 64, 2MB 0, 4MB 0, 1GB 4
Jun 22 13:16:49 archlinux kernel: Spectre V1 : Mitigation: usercopy/swapgs barriers and __user pointer sanitization
Jun 22 13:16:49 archlinux kernel: Spectre V2 : Mitigation: Enhanced IBRS
Jun 22 13:16:49 archlinux kernel: Spectre V2 : Spectre v2 / SpectreRSB mitigation: Filling RSB on context switch
Jun 22 13:16:49 archlinux kernel: Spectre V2 : mitigation: Enabling conditional Indirect Branch Prediction Barrier
Jun 22 13:16:49 archlinux kernel: Speculative Store Bypass: Mitigation: Speculative Store Bypass disabled via prctl
Jun 22 13:16:49 archlinux kernel: MMIO Stale Data: Mitigation: Clear CPU buffers
Jun 22 13:16:49 archlinux kernel: SRBDS: Mitigation: Microcode
Jun 22 13:16:49 archlinux kernel: Freeing SMP alternatives memory: 36K
Jun 22 13:16:49 archlinux kernel: smpboot: Estimated ratio of average max frequency by base frequency (times 1024): 2137
Jun 22 13:16:49 archlinux kernel: smpboot: CPU0: Intel(R) Core(TM) i7-10875H CPU @ 2.30GHz (family: 0x6, model: 0xa5, stepping: 0x2)
Jun 22 13:16:49 archlinux kernel: cblist_init_generic: Setting adjustable number of callback queues.
Jun 22 13:16:49 archlinux kernel: cblist_init_generic: Setting shift to 4 and lim to 1.
Jun 22 13:16:49 archlinux kernel: cblist_init_generic: Setting shift to 4 and lim to 1.
Jun 22 13:16:49 archlinux kernel: cblist_init_generic: Setting shift to 4 and lim to 1.
Jun 22 13:16:49 archlinux kernel: Performance Events: PEBS fmt3+, Skylake events, 32-deep LBR, full-width counters, Intel PMU driver.
Jun 22 13:16:49 archlinux kernel: ... version:                4
Jun 22 13:16:49 archlinux kernel: ... bit width:              48
Jun 22 13:16:49 archlinux kernel: ... generic registers:      4
Jun 22 13:16:49 archlinux kernel: ... value mask:             0000ffffffffffff
Jun 22 13:16:49 archlinux kernel: ... max period:             00007fffffffffff
Jun 22 13:16:49 archlinux kernel: ... fixed-purpose events:   3
Jun 22 13:16:49 archlinux kernel: ... event mask:             000000070000000f
Jun 22 13:16:49 archlinux kernel: rcu: Hierarchical SRCU implementation.
Jun 22 13:16:49 archlinux kernel: NMI watchdog: Enabled. Permanently consumes one hw-PMU counter.
Jun 22 13:16:49 archlinux kernel: smp: Bringing up secondary CPUs ...
Jun 22 13:16:49 archlinux kernel: x86: Booting SMP configuration:
Jun 22 13:16:49 archlinux kernel: .... node  #0, CPUs:        #1  #2  #3  #4  #5  #6  #7  #8
Jun 22 13:16:49 archlinux kernel: MMIO Stale Data CPU bug present and SMT on, data leak possible. See https://www.kernel.org/doc/html/latest/admin-guide/hw-vuln/processor_mmio_stale_data.html for more details.
Jun 22 13:16:49 archlinux kernel:   #9 #10 #11 #12 #13 #14 #15
Jun 22 13:16:49 archlinux kernel: smp: Brought up 1 node, 16 CPUs
Jun 22 13:16:49 archlinux kernel: smpboot: Max logical packages: 1
Jun 22 13:16:49 archlinux kernel: smpboot: Total of 16 processors activated (73628.60 BogoMIPS)
Jun 22 13:16:49 archlinux kernel: devtmpfs: initialized
Jun 22 13:16:49 archlinux kernel: x86/mm: Memory block size: 128MB
Jun 22 13:16:49 archlinux kernel: ACPI: PM: Registering ACPI NVS region [mem 0x84bcc000-0x84e23fff] (2457600 bytes)
Jun 22 13:16:49 archlinux kernel: clocksource: jiffies: mask: 0xffffffff max_cycles: 0xffffffff, max_idle_ns: 6370867519511994 ns
Jun 22 13:16:49 archlinux kernel: futex hash table entries: 4096 (order: 6, 262144 bytes, linear)
Jun 22 13:16:49 archlinux kernel: pinctrl core: initialized pinctrl subsystem
Jun 22 13:16:49 archlinux kernel: PM: RTC time: 03:16:49, date: 2022-06-22
Jun 22 13:16:49 archlinux kernel: NET: Registered PF_NETLINK/PF_ROUTE protocol family
Jun 22 13:16:49 archlinux kernel: DMA: preallocated 2048 KiB GFP_KERNEL pool for atomic allocations
Jun 22 13:16:49 archlinux kernel: DMA: preallocated 2048 KiB GFP_KERNEL|GFP_DMA pool for atomic allocations
Jun 22 13:16:49 archlinux kernel: DMA: preallocated 2048 KiB GFP_KERNEL|GFP_DMA32 pool for atomic allocations
Jun 22 13:16:49 archlinux kernel: audit: initializing netlink subsys (disabled)
Jun 22 13:16:49 archlinux kernel: audit: type=2000 audit(1655867809.033:1): state=initialized audit_enabled=0 res=1
Jun 22 13:16:49 archlinux kernel: thermal_sys: Registered thermal governor 'fair_share'
Jun 22 13:16:49 archlinux kernel: thermal_sys: Registered thermal governor 'bang_bang'
Jun 22 13:16:49 archlinux kernel: thermal_sys: Registered thermal governor 'step_wise'
Jun 22 13:16:49 archlinux kernel: thermal_sys: Registered thermal governor 'user_space'
Jun 22 13:16:49 archlinux kernel: thermal_sys: Registered thermal governor 'power_allocator'
Jun 22 13:16:49 archlinux kernel: cpuidle: using governor ladder
Jun 22 13:16:49 archlinux kernel: cpuidle: using governor menu
Jun 22 13:16:49 archlinux kernel: HugeTLB: can free 4095 vmemmap pages for hugepages-1048576kB
Jun 22 13:16:49 archlinux kernel: acpiphp: ACPI Hot Plug PCI Controller Driver version: 0.5
Jun 22 13:16:49 archlinux kernel: PCI: MMCONFIG for domain 0000 [bus 00-ff] at [mem 0xe0000000-0xefffffff] (base 0xe0000000)
Jun 22 13:16:49 archlinux kernel: PCI: MMCONFIG at [mem 0xe0000000-0xefffffff] reserved in E820
Jun 22 13:16:49 archlinux kernel: PCI: Using configuration type 1 for base access
Jun 22 13:16:49 archlinux kernel: ENERGY_PERF_BIAS: Set to 'normal', was 'performance'
Jun 22 13:16:49 archlinux kernel: kprobes: kprobe jump-optimization is enabled. All kprobes are optimized if possible.
Jun 22 13:16:49 archlinux kernel: HugeTLB: can free 7 vmemmap pages for hugepages-2048kB
Jun 22 13:16:49 archlinux kernel: HugeTLB registered 1.00 GiB page size, pre-allocated 0 pages
Jun 22 13:16:49 archlinux kernel: HugeTLB registered 2.00 MiB page size, pre-allocated 0 pages
Jun 22 13:16:49 archlinux kernel: ACPI: Added _OSI(Module Device)
Jun 22 13:16:49 archlinux kernel: ACPI: Added _OSI(Processor Device)
Jun 22 13:16:49 archlinux kernel: ACPI: Added _OSI(3.0 _SCP Extensions)
Jun 22 13:16:49 archlinux kernel: ACPI: Added _OSI(Processor Aggregator Device)
Jun 22 13:16:49 archlinux kernel: ACPI: Added _OSI(Linux-Dell-Video)
Jun 22 13:16:49 archlinux kernel: ACPI: Added _OSI(Linux-Lenovo-NV-HDMI-Audio)
Jun 22 13:16:49 archlinux kernel: ACPI: Added _OSI(Linux-HPI-Hybrid-Graphics)
Jun 22 13:16:49 archlinux kernel: ACPI: 13 ACPI AML tables successfully acquired and loaded
Jun 22 13:16:49 archlinux kernel: ACPI: Dynamic OEM Table Load:
Jun 22 13:16:49 archlinux kernel: ACPI: SSDT 0xFFFF89B380294900 0000FC (v02 PmRef  Cpu0Psd  00003000 INTL 20160527)
Jun 22 13:16:49 archlinux kernel: ACPI: \_SB_.PR00: _OSC native thermal LVT Acked
Jun 22 13:16:49 archlinux kernel: ACPI: Dynamic OEM Table Load:
Jun 22 13:16:49 archlinux kernel: ACPI: SSDT 0xFFFF89B381B49800 000400 (v02 PmRef  Cpu0Cst  00003001 INTL 20160527)
Jun 22 13:16:49 archlinux kernel: ACPI: Dynamic OEM Table Load:
Jun 22 13:16:49 archlinux kernel: ACPI: SSDT 0xFFFF89B3802AD800 00051E (v02 PmRef  Cpu0Ist  00003000 INTL 20160527)
Jun 22 13:16:49 archlinux kernel: ACPI: Dynamic OEM Table Load:
Jun 22 13:16:49 archlinux kernel: ACPI: SSDT 0xFFFF89B3821DF200 000137 (v02 PmRef  Cpu0Hwp  00003000 INTL 20160527)
Jun 22 13:16:49 archlinux kernel: ACPI: Dynamic OEM Table Load:
Jun 22 13:16:49 archlinux kernel: ACPI: SSDT 0xFFFF89B38012E000 000BEA (v02 PmRef  HwpLvt   00003000 INTL 20160527)
Jun 22 13:16:49 archlinux kernel: ACPI: Dynamic OEM Table Load:
Jun 22 13:16:49 archlinux kernel: ACPI: SSDT 0xFFFF89B3802AE000 000778 (v02 PmRef  ApIst    00003000 INTL 20160527)
Jun 22 13:16:49 archlinux kernel: ACPI: Dynamic OEM Table Load:
Jun 22 13:16:49 archlinux kernel: ACPI: SSDT 0xFFFF89B381B4CC00 0003D7 (v02 PmRef  ApHwp    00003000 INTL 20160527)
Jun 22 13:16:49 archlinux kernel: ACPI: Dynamic OEM Table Load:
Jun 22 13:16:49 archlinux kernel: ACPI: SSDT 0xFFFF89B38012C000 000D22 (v02 PmRef  ApPsd    00003000 INTL 20160527)
Jun 22 13:16:49 archlinux kernel: ACPI: Dynamic OEM Table Load:
Jun 22 13:16:49 archlinux kernel: ACPI: SSDT 0xFFFF89B381B4A000 0003CA (v02 PmRef  ApCst    00003000 INTL 20160527)
Jun 22 13:16:49 archlinux kernel: ACPI: EC: EC started
Jun 22 13:16:49 archlinux kernel: ACPI: EC: interrupt blocked
Jun 22 13:16:49 archlinux kernel: ACPI Error: No handler for Region [VRTC] (00000000ca5b3468) [SystemCMOS] (20211217/evregion-130)
Jun 22 13:16:49 archlinux kernel: ACPI Error: Region SystemCMOS (ID=5) has no handler (20211217/exfldio-261)
Jun 22 13:16:49 archlinux kernel: ACPI Error: Aborting method \_SB.PCI0.LPCB.EC0.RTEC due to previous error (AE_NOT_EXIST) (20211217/psparse-529)
Jun 22 13:16:49 archlinux kernel: ACPI Error: Aborting method \_SB.PCI0.LPCB.EC0._REG due to previous error (AE_NOT_EXIST) (20211217/psparse-529)
Jun 22 13:16:49 archlinux kernel: ACPI: EC: EC_CMD/EC_SC=0x66, EC_DATA=0x62
Jun 22 13:16:49 archlinux kernel: ACPI: \_SB_.PCI0.LPCB.EC0_: Boot DSDT EC used to handle transactions
Jun 22 13:16:49 archlinux kernel: ACPI: Interpreter enabled
Jun 22 13:16:49 archlinux kernel: ACPI: PM: (supports S0 S3 S4 S5)
Jun 22 13:16:49 archlinux kernel: ACPI: Using IOAPIC for interrupt routing
Jun 22 13:16:49 archlinux kernel: PCI: Using host bridge windows from ACPI; if necessary, use "pci=nocrs" and report a bug
Jun 22 13:16:49 archlinux kernel: ACPI: Enabled 9 GPEs in block 00 to 7F
Jun 22 13:16:49 archlinux kernel: ACPI: PM: Power Resource [PG00]
Jun 22 13:16:49 archlinux kernel: ACPI: PM: Power Resource [PXP]
Jun 22 13:16:49 archlinux kernel: ACPI: PM: Power Resource [USBC]
Jun 22 13:16:49 archlinux kernel: ACPI: PM: Power Resource [V0PR]
Jun 22 13:16:49 archlinux kernel: ACPI: PM: Power Resource [V1PR]
Jun 22 13:16:49 archlinux kernel: ACPI: PM: Power Resource [V2PR]
Jun 22 13:16:49 archlinux kernel: ACPI: PM: Power Resource [WRST]
Jun 22 13:16:49 archlinux kernel: ACPI: PM: Power Resource [FN00]
Jun 22 13:16:49 archlinux kernel: ACPI: PM: Power Resource [FN01]
Jun 22 13:16:49 archlinux kernel: ACPI: PM: Power Resource [FN02]
Jun 22 13:16:49 archlinux kernel: ACPI: PM: Power Resource [FN03]
Jun 22 13:16:49 archlinux kernel: ACPI: PM: Power Resource [FN04]
Jun 22 13:16:49 archlinux kernel: ACPI: PM: Power Resource [PIN]
Jun 22 13:16:49 archlinux kernel: ACPI: PCI Root Bridge [PCI0] (domain 0000 [bus 00-fe])
Jun 22 13:16:49 archlinux kernel: acpi PNP0A08:00: _OSC: OS supports [ExtendedConfig ASPM ClockPM Segments MSI EDR HPX-Type3]
Jun 22 13:16:49 archlinux kernel: acpi PNP0A08:00: _OSC: platform does not support [AER]
Jun 22 13:16:49 archlinux kernel: acpi PNP0A08:00: _OSC: OS now controls [PCIeHotplug SHPCHotplug PME PCIeCapability LTR DPC]
Jun 22 13:16:49 archlinux kernel: PCI host bridge to bus 0000:00
Jun 22 13:16:49 archlinux kernel: pci_bus 0000:00: root bus resource [io  0x0000-0x0cf7 window]
Jun 22 13:16:49 archlinux kernel: pci_bus 0000:00: root bus resource [io  0x0d00-0xffff window]
Jun 22 13:16:49 archlinux kernel: pci_bus 0000:00: root bus resource [mem 0x000a0000-0x000bffff window]
Jun 22 13:16:49 archlinux kernel: pci_bus 0000:00: root bus resource [mem 0x000e0000-0x000fffff window]
Jun 22 13:16:49 archlinux kernel: pci_bus 0000:00: root bus resource [mem 0x89800000-0xdfffffff window]
Jun 22 13:16:49 archlinux kernel: pci_bus 0000:00: root bus resource [mem 0x4000000000-0x7fffffffff window]
Jun 22 13:16:49 archlinux kernel: pci_bus 0000:00: root bus resource [mem 0xfc800000-0xfe7fffff window]
Jun 22 13:16:49 archlinux kernel: pci_bus 0000:00: root bus resource [bus 00-fe]
Jun 22 13:16:49 archlinux kernel: pci 0000:00:00.0: [8086:9b44] type 00 class 0x060000
Jun 22 13:16:49 archlinux kernel: pci 0000:00:01.0: [8086:1901] type 01 class 0x060400
Jun 22 13:16:49 archlinux kernel: pci 0000:00:01.0: PME# supported from D0 D3hot D3cold
Jun 22 13:16:49 archlinux kernel: pci 0000:00:02.0: [8086:9bc4] type 00 class 0x030000
Jun 22 13:16:49 archlinux kernel: pci 0000:00:02.0: reg 0x10: [mem 0x6043000000-0x6043ffffff 64bit]
Jun 22 13:16:49 archlinux kernel: pci 0000:00:02.0: reg 0x18: [mem 0x4000000000-0x400fffffff 64bit pref]
Jun 22 13:16:49 archlinux kernel: pci 0000:00:02.0: reg 0x20: [io  0x4000-0x403f]
Jun 22 13:16:49 archlinux kernel: pci 0000:00:02.0: BAR 2: assigned to efifb
Jun 22 13:16:49 archlinux kernel: pci 0000:00:02.0: Video device with shadowed ROM at [mem 0x000c0000-0x000dffff]
Jun 22 13:16:49 archlinux kernel: pci 0000:00:04.0: [8086:1903] type 00 class 0x118000
Jun 22 13:16:49 archlinux kernel: pci 0000:00:04.0: reg 0x10: [mem 0x6044110000-0x6044117fff 64bit]
Jun 22 13:16:49 archlinux kernel: pci 0000:00:12.0: [8086:06f9] type 00 class 0x118000
Jun 22 13:16:49 archlinux kernel: pci 0000:00:12.0: reg 0x10: [mem 0x6044127000-0x6044127fff 64bit]
Jun 22 13:16:49 archlinux kernel: pci 0000:00:14.0: [8086:06ed] type 00 class 0x0c0330
Jun 22 13:16:49 archlinux kernel: pci 0000:00:14.0: reg 0x10: [mem 0x6044100000-0x604410ffff 64bit]
Jun 22 13:16:49 archlinux kernel: pci 0000:00:14.0: PME# supported from D3hot D3cold
Jun 22 13:16:49 archlinux kernel: pci 0000:00:14.2: [8086:06ef] type 00 class 0x050000
Jun 22 13:16:49 archlinux kernel: pci 0000:00:14.2: reg 0x10: [mem 0x6044120000-0x6044121fff 64bit]
Jun 22 13:16:49 archlinux kernel: pci 0000:00:14.2: reg 0x18: [mem 0x6044126000-0x6044126fff 64bit]
Jun 22 13:16:49 archlinux kernel: pci 0000:00:14.3: [8086:06f0] type 00 class 0x028000
Jun 22 13:16:49 archlinux kernel: pci 0000:00:14.3: reg 0x10: [mem 0x604411c000-0x604411ffff 64bit]
Jun 22 13:16:49 archlinux kernel: pci 0000:00:14.3: PME# supported from D0 D3hot D3cold
Jun 22 13:16:49 archlinux kernel: pci 0000:00:15.0: [8086:06e8] type 00 class 0x0c8000
Jun 22 13:16:49 archlinux kernel: pci 0000:00:15.0: reg 0x10: [mem 0x00000000-0x00000fff 64bit]
Jun 22 13:16:49 archlinux kernel: pci 0000:00:16.0: [8086:06e0] type 00 class 0x078000
Jun 22 13:16:49 archlinux kernel: pci 0000:00:16.0: reg 0x10: [mem 0x6044124000-0x6044124fff 64bit]
Jun 22 13:16:49 archlinux kernel: pci 0000:00:16.0: PME# supported from D3hot
Jun 22 13:16:49 archlinux kernel: pci 0000:00:1b.0: [8086:06af] type 01 class 0x060400
Jun 22 13:16:49 archlinux kernel: pci 0000:00:1b.0: PME# supported from D0 D3hot D3cold
Jun 22 13:16:49 archlinux kernel: pci 0000:00:1b.0: PTM enabled (root), 4ns granularity
Jun 22 13:16:49 archlinux kernel: pci 0000:00:1d.0: [8086:06b0] type 01 class 0x060400
Jun 22 13:16:49 archlinux kernel: pci 0000:00:1d.0: PME# supported from D0 D3hot D3cold
Jun 22 13:16:49 archlinux kernel: pci 0000:00:1d.0: PTM enabled (root), 4ns granularity
Jun 22 13:16:49 archlinux kernel: pci 0000:00:1d.4: [8086:06b4] type 01 class 0x060400
Jun 22 13:16:49 archlinux kernel: pci 0000:00:1d.4: PME# supported from D0 D3hot D3cold
Jun 22 13:16:49 archlinux kernel: pci 0000:00:1d.4: PTM enabled (root), 4ns granularity
Jun 22 13:16:49 archlinux kernel: pci 0000:00:1e.0: [8086:06a8] type 00 class 0x078000
Jun 22 13:16:49 archlinux kernel: pci 0000:00:1e.0: reg 0x10: [mem 0x00000000-0x00000fff 64bit]
Jun 22 13:16:49 archlinux kernel: pci 0000:00:1f.0: [8086:068d] type 00 class 0x060100
Jun 22 13:16:49 archlinux kernel: pci 0000:00:1f.3: [8086:06c8] type 00 class 0x040380
Jun 22 13:16:49 archlinux kernel: pci 0000:00:1f.3: reg 0x10: [mem 0x6044118000-0x604411bfff 64bit]
Jun 22 13:16:49 archlinux kernel: pci 0000:00:1f.3: reg 0x20: [mem 0x6044000000-0x60440fffff 64bit]
Jun 22 13:16:49 archlinux kernel: pci 0000:00:1f.3: PME# supported from D3hot D3cold
Jun 22 13:16:49 archlinux kernel: pci 0000:00:1f.4: [8086:06a3] type 00 class 0x0c0500
Jun 22 13:16:49 archlinux kernel: pci 0000:00:1f.4: reg 0x10: [mem 0x6044122000-0x60441220ff 64bit]
Jun 22 13:16:49 archlinux kernel: pci 0000:00:1f.4: reg 0x20: [io  0xefa0-0xefbf]
Jun 22 13:16:49 archlinux kernel: pci 0000:00:1f.5: [8086:06a4] type 00 class 0x0c8000
Jun 22 13:16:49 archlinux kernel: pci 0000:00:1f.5: reg 0x10: [mem 0xfe010000-0xfe010fff]
Jun 22 13:16:49 archlinux kernel: pci 0000:01:00.0: [10de:1e93] type 00 class 0x030000
Jun 22 13:16:49 archlinux kernel: pci 0000:01:00.0: reg 0x10: [mem 0xa3000000-0xa3ffffff]
Jun 22 13:16:49 archlinux kernel: pci 0000:01:00.0: reg 0x14: [mem 0x6030000000-0x603fffffff 64bit pref]
Jun 22 13:16:49 archlinux kernel: pci 0000:01:00.0: reg 0x1c: [mem 0x6040000000-0x6041ffffff 64bit pref]
Jun 22 13:16:49 archlinux kernel: pci 0000:01:00.0: reg 0x24: [io  0x3000-0x307f]
Jun 22 13:16:49 archlinux kernel: pci 0000:01:00.0: reg 0x30: [mem 0xa4000000-0xa407ffff pref]
Jun 22 13:16:49 archlinux kernel: pci 0000:01:00.0: PME# supported from D0 D3hot D3cold
Jun 22 13:16:49 archlinux kernel: pci 0000:01:00.1: [10de:10f8] type 00 class 0x040300
Jun 22 13:16:49 archlinux kernel: pci 0000:01:00.1: reg 0x10: [mem 0xa4080000-0xa4083fff]
Jun 22 13:16:49 archlinux kernel: pci 0000:01:00.2: [10de:1ad8] type 00 class 0x0c0330
Jun 22 13:16:49 archlinux kernel: pci 0000:01:00.2: reg 0x10: [mem 0x6042000000-0x604203ffff 64bit pref]
Jun 22 13:16:49 archlinux kernel: pci 0000:01:00.2: reg 0x1c: [mem 0x6042040000-0x604204ffff 64bit pref]
Jun 22 13:16:49 archlinux kernel: pci 0000:01:00.2: PME# supported from D0 D3hot D3cold
Jun 22 13:16:49 archlinux kernel: pci 0000:01:00.3: [10de:1ad9] type 00 class 0x0c8000
Jun 22 13:16:49 archlinux kernel: pci 0000:01:00.3: reg 0x10: [mem 0xa4084000-0xa4084fff]
Jun 22 13:16:49 archlinux kernel: pci 0000:01:00.3: PME# supported from D0 D3hot D3cold
Jun 22 13:16:49 archlinux kernel: pci 0000:00:01.0: PCI bridge to [bus 01]
Jun 22 13:16:49 archlinux kernel: pci 0000:00:01.0:   bridge window [io  0x3000-0x3fff]
Jun 22 13:16:49 archlinux kernel: pci 0000:00:01.0:   bridge window [mem 0xa3000000-0xa40fffff]
Jun 22 13:16:49 archlinux kernel: pci 0000:00:01.0:   bridge window [mem 0x6030000000-0x60420fffff 64bit pref]
Jun 22 13:16:49 archlinux kernel: pci 0000:02:00.0: [10ec:5260] type 00 class 0xff0000
Jun 22 13:16:49 archlinux kernel: pci 0000:02:00.0: reg 0x10: [mem 0xa4300000-0xa4300fff]
Jun 22 13:16:49 archlinux kernel: pci 0000:02:00.0: supports D1 D2
Jun 22 13:16:49 archlinux kernel: pci 0000:02:00.0: PME# supported from D1 D2 D3hot D3cold
Jun 22 13:16:49 archlinux kernel: pci 0000:00:1b.0: PCI bridge to [bus 02]
Jun 22 13:16:49 archlinux kernel: pci 0000:00:1b.0:   bridge window [mem 0xa4300000-0xa43fffff]
Jun 22 13:16:49 archlinux kernel: pci 0000:03:00.0: [144d:a808] type 00 class 0x010802
Jun 22 13:16:49 archlinux kernel: pci 0000:03:00.0: reg 0x10: [mem 0xa4200000-0xa4203fff 64bit]
Jun 22 13:16:49 archlinux kernel: pci 0000:00:1d.0: PCI bridge to [bus 03]
Jun 22 13:16:49 archlinux kernel: pci 0000:00:1d.0:   bridge window [mem 0xa4200000-0xa42fffff]
Jun 22 13:16:49 archlinux kernel: pci 0000:04:00.0: [8086:15e7] type 01 class 0x060400
Jun 22 13:16:49 archlinux kernel: pci 0000:04:00.0: enabling Extended Tags
Jun 22 13:16:49 archlinux kernel: pci 0000:04:00.0: supports D1 D2
Jun 22 13:16:49 archlinux kernel: pci 0000:04:00.0: PME# supported from D0 D1 D2 D3hot D3cold
Jun 22 13:16:49 archlinux kernel: pci 0000:04:00.0: PTM enabled, 4ns granularity
Jun 22 13:16:49 archlinux kernel: pci 0000:00:1d.4: PCI bridge to [bus 04-3c]
Jun 22 13:16:49 archlinux kernel: pci 0000:00:1d.4:   bridge window [mem 0x8c000000-0xa20fffff]
Jun 22 13:16:49 archlinux kernel: pci 0000:00:1d.4:   bridge window [mem 0x6000000000-0x6021ffffff 64bit pref]
Jun 22 13:16:49 archlinux kernel: pci 0000:05:00.0: [8086:15e7] type 01 class 0x060400
Jun 22 13:16:49 archlinux kernel: pci 0000:05:00.0: enabling Extended Tags
Jun 22 13:16:49 archlinux kernel: pci 0000:05:00.0: supports D1 D2
Jun 22 13:16:49 archlinux kernel: pci 0000:05:00.0: PME# supported from D0 D1 D2 D3hot D3cold
Jun 22 13:16:49 archlinux kernel: pci 0000:05:01.0: [8086:15e7] type 01 class 0x060400
Jun 22 13:16:49 archlinux kernel: pci 0000:05:01.0: enabling Extended Tags
Jun 22 13:16:49 archlinux kernel: pci 0000:05:01.0: supports D1 D2
Jun 22 13:16:49 archlinux kernel: pci 0000:05:01.0: PME# supported from D0 D1 D2 D3hot D3cold
Jun 22 13:16:49 archlinux kernel: pci 0000:05:02.0: [8086:15e7] type 01 class 0x060400
Jun 22 13:16:49 archlinux kernel: pci 0000:05:02.0: enabling Extended Tags
Jun 22 13:16:49 archlinux kernel: pci 0000:05:02.0: supports D1 D2
Jun 22 13:16:49 archlinux kernel: pci 0000:05:02.0: PME# supported from D0 D1 D2 D3hot D3cold
Jun 22 13:16:49 archlinux kernel: pci 0000:04:00.0: PCI bridge to [bus 05-3c]
Jun 22 13:16:49 archlinux kernel: pci 0000:04:00.0:   bridge window [mem 0x8c000000-0xa20fffff]
Jun 22 13:16:49 archlinux kernel: pci 0000:04:00.0:   bridge window [mem 0x6000000000-0x6021ffffff 64bit pref]
Jun 22 13:16:49 archlinux kernel: pci 0000:06:00.0: [8086:15e8] type 00 class 0x088000
Jun 22 13:16:49 archlinux kernel: pci 0000:06:00.0: reg 0x10: [mem 0xa2000000-0xa203ffff]
Jun 22 13:16:49 archlinux kernel: pci 0000:06:00.0: reg 0x14: [mem 0xa2040000-0xa2040fff]
Jun 22 13:16:49 archlinux kernel: pci 0000:06:00.0: enabling Extended Tags
Jun 22 13:16:49 archlinux kernel: pci 0000:06:00.0: supports D1 D2
Jun 22 13:16:49 archlinux kernel: pci 0000:06:00.0: PME# supported from D0 D1 D2 D3hot D3cold
Jun 22 13:16:49 archlinux kernel: pci 0000:05:00.0: PCI bridge to [bus 06]
Jun 22 13:16:49 archlinux kernel: pci 0000:05:00.0:   bridge window [mem 0xa2000000-0xa20fffff]
Jun 22 13:16:49 archlinux kernel: pci 0000:05:01.0: PCI bridge to [bus 07-3b]
Jun 22 13:16:49 archlinux kernel: pci 0000:05:01.0:   bridge window [mem 0x8c000000-0xa1efffff]
Jun 22 13:16:49 archlinux kernel: pci 0000:05:01.0:   bridge window [mem 0x6000000000-0x6021ffffff 64bit pref]
Jun 22 13:16:49 archlinux kernel: pci 0000:3c:00.0: [8086:15e9] type 00 class 0x0c0330
Jun 22 13:16:49 archlinux kernel: pci 0000:3c:00.0: reg 0x10: [mem 0xa1f00000-0xa1f0ffff]
Jun 22 13:16:49 archlinux kernel: pci 0000:3c:00.0: enabling Extended Tags
Jun 22 13:16:49 archlinux kernel: pci 0000:3c:00.0: supports D1 D2
Jun 22 13:16:49 archlinux kernel: pci 0000:3c:00.0: PME# supported from D0 D1 D2 D3hot D3cold
Jun 22 13:16:49 archlinux kernel: pci 0000:3c:00.0: 8.000 Gb/s available PCIe bandwidth, limited by 2.5 GT/s PCIe x4 link at 0000:05:02.0 (capable of 31.504 Gb/s with 8.0 GT/s PCIe x4 link)
Jun 22 13:16:49 archlinux kernel: pci 0000:05:02.0: PCI bridge to [bus 3c]
Jun 22 13:16:49 archlinux kernel: pci 0000:05:02.0:   bridge window [mem 0xa1f00000-0xa1ffffff]
Jun 22 13:16:49 archlinux kernel: ACPI: PCI: Interrupt link LNKA configured for IRQ 0
Jun 22 13:16:49 archlinux kernel: ACPI: PCI: Interrupt link LNKB configured for IRQ 1
Jun 22 13:16:49 archlinux kernel: ACPI: PCI: Interrupt link LNKC configured for IRQ 0
Jun 22 13:16:49 archlinux kernel: ACPI: PCI: Interrupt link LNKD configured for IRQ 0
Jun 22 13:16:49 archlinux kernel: ACPI: PCI: Interrupt link LNKE configured for IRQ 0
Jun 22 13:16:49 archlinux kernel: ACPI: PCI: Interrupt link LNKF configured for IRQ 0
Jun 22 13:16:49 archlinux kernel: ACPI: PCI: Interrupt link LNKG configured for IRQ 0
Jun 22 13:16:49 archlinux kernel: ACPI: PCI: Interrupt link LNKH configured for IRQ 0
Jun 22 13:16:49 archlinux kernel: ACPI: EC: interrupt unblocked
Jun 22 13:16:49 archlinux kernel: ACPI: EC: event unblocked
Jun 22 13:16:49 archlinux kernel: ACPI: EC: EC_CMD/EC_SC=0x66, EC_DATA=0x62
Jun 22 13:16:49 archlinux kernel: ACPI: EC: GPE=0xb
Jun 22 13:16:49 archlinux kernel: ACPI: \_SB_.PCI0.LPCB.EC0_: Boot DSDT EC initialization complete
Jun 22 13:16:49 archlinux kernel: ACPI: \_SB_.PCI0.LPCB.EC0_: EC: Used to handle transactions and events
Jun 22 13:16:49 archlinux kernel: iommu: Default domain type: Translated 
Jun 22 13:16:49 archlinux kernel: iommu: DMA domain TLB invalidation policy: lazy mode 
Jun 22 13:16:49 archlinux kernel: SCSI subsystem initialized
Jun 22 13:16:49 archlinux kernel: libata version 3.00 loaded.
Jun 22 13:16:49 archlinux kernel: ACPI: bus type USB registered
Jun 22 13:16:49 archlinux kernel: usbcore: registered new interface driver usbfs
Jun 22 13:16:49 archlinux kernel: usbcore: registered new interface driver hub
Jun 22 13:16:49 archlinux kernel: usbcore: registered new device driver usb
Jun 22 13:16:49 archlinux kernel: pps_core: LinuxPPS API ver. 1 registered
Jun 22 13:16:49 archlinux kernel: pps_core: Software ver. 5.3.6 - Copyright 2005-2007 Rodolfo Giometti <giometti@linux.it>
Jun 22 13:16:49 archlinux kernel: PTP clock support registered
Jun 22 13:16:49 archlinux kernel: EDAC MC: Ver: 3.0.0
Jun 22 13:16:49 archlinux kernel: Registered efivars operations
Jun 22 13:16:49 archlinux kernel: NetLabel: Initializing
Jun 22 13:16:49 archlinux kernel: NetLabel:  domain hash size = 128
Jun 22 13:16:49 archlinux kernel: NetLabel:  protocols = UNLABELED CIPSOv4 CALIPSO
Jun 22 13:16:49 archlinux kernel: NetLabel:  unlabeled traffic allowed by default
Jun 22 13:16:49 archlinux kernel: mctp: management component transport protocol core
Jun 22 13:16:49 archlinux kernel: NET: Registered PF_MCTP protocol family
Jun 22 13:16:49 archlinux kernel: PCI: Using ACPI for IRQ routing
Jun 22 13:16:49 archlinux kernel: PCI: pci_cache_line_size set to 64 bytes
Jun 22 13:16:49 archlinux kernel: e820: reserve RAM buffer [mem 0x0009e000-0x0009ffff]
Jun 22 13:16:49 archlinux kernel: e820: reserve RAM buffer [mem 0x7d148000-0x7fffffff]
Jun 22 13:16:49 archlinux kernel: e820: reserve RAM buffer [mem 0x7f2c2000-0x7fffffff]
Jun 22 13:16:49 archlinux kernel: e820: reserve RAM buffer [mem 0x82c0a000-0x83ffffff]
Jun 22 13:16:49 archlinux kernel: e820: reserve RAM buffer [mem 0x85b4f000-0x87ffffff]
Jun 22 13:16:49 archlinux kernel: e820: reserve RAM buffer [mem 0x474800000-0x477ffffff]
Jun 22 13:16:49 archlinux kernel: pci 0000:00:02.0: vgaarb: setting as boot VGA device
Jun 22 13:16:49 archlinux kernel: pci 0000:00:02.0: vgaarb: bridge control possible
Jun 22 13:16:49 archlinux kernel: pci 0000:00:02.0: vgaarb: VGA device added: decodes=io+mem,owns=io+mem,locks=none
Jun 22 13:16:49 archlinux kernel: pci 0000:01:00.0: vgaarb: bridge control possible
Jun 22 13:16:49 archlinux kernel: pci 0000:01:00.0: vgaarb: VGA device added: decodes=io+mem,owns=none,locks=none
Jun 22 13:16:49 archlinux kernel: vgaarb: loaded
Jun 22 13:16:49 archlinux kernel: clocksource: Switched to clocksource tsc-early
Jun 22 13:16:49 archlinux kernel: VFS: Disk quotas dquot_6.6.0
Jun 22 13:16:49 archlinux kernel: VFS: Dquot-cache hash table entries: 512 (order 0, 4096 bytes)
Jun 22 13:16:49 archlinux kernel: pnp: PnP ACPI init
Jun 22 13:16:49 archlinux kernel: system 00:00: [mem 0x40000000-0x403fffff] could not be reserved
Jun 22 13:16:49 archlinux kernel: system 00:01: [io  0x0680-0x069f] has been reserved
Jun 22 13:16:49 archlinux kernel: system 00:01: [io  0x164e-0x164f] has been reserved
Jun 22 13:16:49 archlinux kernel: system 00:02: [io  0x1854-0x1857] has been reserved
Jun 22 13:16:49 archlinux kernel: system 00:03: [io  0x1800-0x18fe] could not be reserved
Jun 22 13:16:49 archlinux kernel: system 00:03: [mem 0xfd000000-0xfd69ffff] has been reserved
Jun 22 13:16:49 archlinux kernel: system 00:03: [mem 0xfd6c0000-0xfd6cffff] has been reserved
Jun 22 13:16:49 archlinux kernel: system 00:03: [mem 0xfd6f0000-0xfdffffff] has been reserved
Jun 22 13:16:49 archlinux kernel: system 00:03: [mem 0xfe000000-0xfe01ffff] could not be reserved
Jun 22 13:16:49 archlinux kernel: system 00:03: [mem 0xfe200000-0xfe7fffff] has been reserved
Jun 22 13:16:49 archlinux kernel: system 00:03: [mem 0xff000000-0xffffffff] has been reserved
Jun 22 13:16:49 archlinux kernel: system 00:04: [io  0x2000-0x20fe] has been reserved
Jun 22 13:16:49 archlinux kernel: system 00:05: [mem 0xfed10000-0xfed17fff] has been reserved
Jun 22 13:16:49 archlinux kernel: system 00:05: [mem 0xfed18000-0xfed18fff] has been reserved
Jun 22 13:16:49 archlinux kernel: system 00:05: [mem 0xfed19000-0xfed19fff] has been reserved
Jun 22 13:16:49 archlinux kernel: system 00:05: [mem 0xe0000000-0xefffffff] has been reserved
Jun 22 13:16:49 archlinux kernel: system 00:05: [mem 0xfed20000-0xfed3ffff] has been reserved
Jun 22 13:16:49 archlinux kernel: system 00:05: [mem 0xfed90000-0xfed93fff] could not be reserved
Jun 22 13:16:49 archlinux kernel: system 00:05: [mem 0xfed45000-0xfed8ffff] has been reserved
Jun 22 13:16:49 archlinux kernel: system 00:05: [mem 0xfee00000-0xfeefffff] could not be reserved
Jun 22 13:16:49 archlinux kernel: system 00:06: [mem 0xfe038000-0xfe038fff] has been reserved
Jun 22 13:16:49 archlinux kernel: system 00:06: [mem 0xfe036008-0xfe036fff] has been reserved
Jun 22 13:16:49 archlinux kernel: system 00:06: [mem 0xfe037000-0xfe037fff] has been reserved
Jun 22 13:16:49 archlinux kernel: system 00:07: [mem 0xfe036000-0xfe036007] has been reserved
Jun 22 13:16:49 archlinux kernel: pnp: PnP ACPI: found 8 devices
Jun 22 13:16:49 archlinux kernel: clocksource: acpi_pm: mask: 0xffffff max_cycles: 0xffffff, max_idle_ns: 2085701024 ns
Jun 22 13:16:49 archlinux kernel: NET: Registered PF_INET protocol family
Jun 22 13:16:49 archlinux kernel: IP idents hash table entries: 262144 (order: 9, 2097152 bytes, linear)
Jun 22 13:16:49 archlinux kernel: tcp_listen_portaddr_hash hash table entries: 8192 (order: 5, 131072 bytes, linear)
Jun 22 13:16:49 archlinux kernel: Table-perturb hash table entries: 65536 (order: 6, 262144 bytes, linear)
Jun 22 13:16:49 archlinux kernel: TCP established hash table entries: 131072 (order: 8, 1048576 bytes, linear)
Jun 22 13:16:49 archlinux kernel: TCP bind hash table entries: 65536 (order: 8, 1048576 bytes, linear)
Jun 22 13:16:49 archlinux kernel: TCP: Hash tables configured (established 131072 bind 65536)
Jun 22 13:16:49 archlinux kernel: MPTCP token hash table entries: 16384 (order: 6, 393216 bytes, linear)
Jun 22 13:16:49 archlinux kernel: UDP hash table entries: 8192 (order: 6, 262144 bytes, linear)
Jun 22 13:16:49 archlinux kernel: UDP-Lite hash table entries: 8192 (order: 6, 262144 bytes, linear)
Jun 22 13:16:49 archlinux kernel: NET: Registered PF_UNIX/PF_LOCAL protocol family
Jun 22 13:16:49 archlinux kernel: NET: Registered PF_XDP protocol family
Jun 22 13:16:49 archlinux kernel: pci 0000:05:01.0: bridge window [io  0x1000-0x0fff] to [bus 07-3b] add_size 1000
Jun 22 13:16:49 archlinux kernel: pci 0000:04:00.0: bridge window [io  0x1000-0x0fff] to [bus 05-3c] add_size 1000
Jun 22 13:16:49 archlinux kernel: pci 0000:00:1d.4: bridge window [io  0x1000-0x0fff] to [bus 04-3c] add_size 2000
Jun 22 13:16:49 archlinux kernel: pci 0000:00:15.0: BAR 0: assigned [mem 0x4010000000-0x4010000fff 64bit]
Jun 22 13:16:49 archlinux kernel: pci 0000:00:1d.4: BAR 13: assigned [io  0x5000-0x6fff]
Jun 22 13:16:49 archlinux kernel: pci 0000:00:1e.0: BAR 0: assigned [mem 0x4010001000-0x4010001fff 64bit]
Jun 22 13:16:49 archlinux kernel: pci 0000:00:01.0: PCI bridge to [bus 01]
Jun 22 13:16:49 archlinux kernel: pci 0000:00:01.0:   bridge window [io  0x3000-0x3fff]
Jun 22 13:16:49 archlinux kernel: pci 0000:00:01.0:   bridge window [mem 0xa3000000-0xa40fffff]
Jun 22 13:16:49 archlinux kernel: pci 0000:00:01.0:   bridge window [mem 0x6030000000-0x60420fffff 64bit pref]
Jun 22 13:16:49 archlinux kernel: pci 0000:00:1b.0: PCI bridge to [bus 02]
Jun 22 13:16:49 archlinux kernel: pci 0000:00:1b.0:   bridge window [mem 0xa4300000-0xa43fffff]
Jun 22 13:16:49 archlinux kernel: pci 0000:00:1d.0: PCI bridge to [bus 03]
Jun 22 13:16:49 archlinux kernel: pci 0000:00:1d.0:   bridge window [mem 0xa4200000-0xa42fffff]
Jun 22 13:16:49 archlinux kernel: pci 0000:04:00.0: BAR 13: assigned [io  0x5000-0x5fff]
Jun 22 13:16:49 archlinux kernel: pci 0000:05:01.0: BAR 13: assigned [io  0x5000-0x5fff]
Jun 22 13:16:49 archlinux kernel: pci 0000:05:00.0: PCI bridge to [bus 06]
Jun 22 13:16:49 archlinux kernel: pci 0000:05:00.0:   bridge window [mem 0xa2000000-0xa20fffff]
Jun 22 13:16:49 archlinux kernel: pci 0000:05:01.0: PCI bridge to [bus 07-3b]
Jun 22 13:16:49 archlinux kernel: pci 0000:05:01.0:   bridge window [io  0x5000-0x5fff]
Jun 22 13:16:49 archlinux kernel: pci 0000:05:01.0:   bridge window [mem 0x8c000000-0xa1efffff]
Jun 22 13:16:49 archlinux kernel: pci 0000:05:01.0:   bridge window [mem 0x6000000000-0x6021ffffff 64bit pref]
Jun 22 13:16:49 archlinux kernel: pci 0000:05:02.0: PCI bridge to [bus 3c]
Jun 22 13:16:49 archlinux kernel: pci 0000:05:02.0:   bridge window [mem 0xa1f00000-0xa1ffffff]
Jun 22 13:16:49 archlinux kernel: pci 0000:04:00.0: PCI bridge to [bus 05-3c]
Jun 22 13:16:49 archlinux kernel: pci 0000:04:00.0:   bridge window [io  0x5000-0x5fff]
Jun 22 13:16:49 archlinux kernel: pci 0000:04:00.0:   bridge window [mem 0x8c000000-0xa20fffff]
Jun 22 13:16:49 archlinux kernel: pci 0000:04:00.0:   bridge window [mem 0x6000000000-0x6021ffffff 64bit pref]
Jun 22 13:16:49 archlinux kernel: pci 0000:00:1d.4: PCI bridge to [bus 04-3c]
Jun 22 13:16:49 archlinux kernel: pci 0000:00:1d.4:   bridge window [io  0x5000-0x6fff]
Jun 22 13:16:49 archlinux kernel: pci 0000:00:1d.4:   bridge window [mem 0x8c000000-0xa20fffff]
Jun 22 13:16:49 archlinux kernel: pci 0000:00:1d.4:   bridge window [mem 0x6000000000-0x6021ffffff 64bit pref]
Jun 22 13:16:49 archlinux kernel: pci_bus 0000:00: resource 4 [io  0x0000-0x0cf7 window]
Jun 22 13:16:49 archlinux kernel: pci_bus 0000:00: resource 5 [io  0x0d00-0xffff window]
Jun 22 13:16:49 archlinux kernel: pci_bus 0000:00: resource 6 [mem 0x000a0000-0x000bffff window]
Jun 22 13:16:49 archlinux kernel: pci_bus 0000:00: resource 7 [mem 0x000e0000-0x000fffff window]
Jun 22 13:16:49 archlinux kernel: pci_bus 0000:00: resource 8 [mem 0x89800000-0xdfffffff window]
Jun 22 13:16:49 archlinux kernel: pci_bus 0000:00: resource 9 [mem 0x4000000000-0x7fffffffff window]
Jun 22 13:16:49 archlinux kernel: pci_bus 0000:00: resource 10 [mem 0xfc800000-0xfe7fffff window]
Jun 22 13:16:49 archlinux kernel: pci_bus 0000:01: resource 0 [io  0x3000-0x3fff]
Jun 22 13:16:49 archlinux kernel: pci_bus 0000:01: resource 1 [mem 0xa3000000-0xa40fffff]
Jun 22 13:16:49 archlinux kernel: pci_bus 0000:01: resource 2 [mem 0x6030000000-0x60420fffff 64bit pref]
Jun 22 13:16:49 archlinux kernel: pci_bus 0000:02: resource 1 [mem 0xa4300000-0xa43fffff]
Jun 22 13:16:49 archlinux kernel: pci_bus 0000:03: resource 1 [mem 0xa4200000-0xa42fffff]
Jun 22 13:16:49 archlinux kernel: pci_bus 0000:04: resource 0 [io  0x5000-0x6fff]
Jun 22 13:16:49 archlinux kernel: pci_bus 0000:04: resource 1 [mem 0x8c000000-0xa20fffff]
Jun 22 13:16:49 archlinux kernel: pci_bus 0000:04: resource 2 [mem 0x6000000000-0x6021ffffff 64bit pref]
Jun 22 13:16:49 archlinux kernel: pci_bus 0000:05: resource 0 [io  0x5000-0x5fff]
Jun 22 13:16:49 archlinux kernel: pci_bus 0000:05: resource 1 [mem 0x8c000000-0xa20fffff]
Jun 22 13:16:49 archlinux kernel: pci_bus 0000:05: resource 2 [mem 0x6000000000-0x6021ffffff 64bit pref]
Jun 22 13:16:49 archlinux kernel: pci_bus 0000:06: resource 1 [mem 0xa2000000-0xa20fffff]
Jun 22 13:16:49 archlinux kernel: pci_bus 0000:07: resource 0 [io  0x5000-0x5fff]
Jun 22 13:16:49 archlinux kernel: pci_bus 0000:07: resource 1 [mem 0x8c000000-0xa1efffff]
Jun 22 13:16:49 archlinux kernel: pci_bus 0000:07: resource 2 [mem 0x6000000000-0x6021ffffff 64bit pref]
Jun 22 13:16:49 archlinux kernel: pci_bus 0000:3c: resource 1 [mem 0xa1f00000-0xa1ffffff]
Jun 22 13:16:49 archlinux kernel: pci 0000:01:00.1: D0 power state depends on 0000:01:00.0
Jun 22 13:16:49 archlinux kernel: pci 0000:01:00.2: D0 power state depends on 0000:01:00.0
Jun 22 13:16:49 archlinux kernel: pci 0000:01:00.3: D0 power state depends on 0000:01:00.0
Jun 22 13:16:49 archlinux kernel: pci 0000:04:00.0: CLS mismatch (64 != 128), using 64 bytes
Jun 22 13:16:49 archlinux kernel: pci 0000:04:00.0: enabling device (0002 -> 0003)
Jun 22 13:16:49 archlinux kernel: DMAR: Intel-IOMMU force enabled due to platform opt in
Jun 22 13:16:49 archlinux kernel: DMAR: No ATSR found
Jun 22 13:16:49 archlinux kernel: DMAR: No SATC found
Jun 22 13:16:49 archlinux kernel: DMAR: IOMMU feature fl1gp_support inconsistent
Jun 22 13:16:49 archlinux kernel: DMAR: IOMMU feature pgsel_inv inconsistent
Jun 22 13:16:49 archlinux kernel: DMAR: IOMMU feature nwfs inconsistent
Jun 22 13:16:49 archlinux kernel: DMAR: IOMMU feature pasid inconsistent
Jun 22 13:16:49 archlinux kernel: DMAR: IOMMU feature eafs inconsistent
Jun 22 13:16:49 archlinux kernel: DMAR: IOMMU feature prs inconsistent
Jun 22 13:16:49 archlinux kernel: DMAR: IOMMU feature nest inconsistent
Jun 22 13:16:49 archlinux kernel: DMAR: IOMMU feature mts inconsistent
Jun 22 13:16:49 archlinux kernel: DMAR: IOMMU feature sc_support inconsistent
Jun 22 13:16:49 archlinux kernel: DMAR: IOMMU feature dev_iotlb_support inconsistent
Jun 22 13:16:49 archlinux kernel: DMAR: dmar0: Using Queued invalidation
Jun 22 13:16:49 archlinux kernel: DMAR: dmar1: Using Queued invalidation
Jun 22 13:16:49 archlinux kernel: Trying to unpack rootfs image as initramfs...
Jun 22 13:16:49 archlinux kernel: pci 0000:00:00.0: Adding to iommu group 0
Jun 22 13:16:49 archlinux kernel: pci 0000:00:01.0: Adding to iommu group 1
Jun 22 13:16:49 archlinux kernel: pci 0000:00:02.0: Adding to iommu group 2
Jun 22 13:16:49 archlinux kernel: pci 0000:00:04.0: Adding to iommu group 3
Jun 22 13:16:49 archlinux kernel: pci 0000:00:12.0: Adding to iommu group 4
Jun 22 13:16:49 archlinux kernel: pci 0000:00:14.0: Adding to iommu group 5
Jun 22 13:16:49 archlinux kernel: pci 0000:00:14.2: Adding to iommu group 5
Jun 22 13:16:49 archlinux kernel: pci 0000:00:14.3: Adding to iommu group 6
Jun 22 13:16:49 archlinux kernel: pci 0000:00:15.0: Adding to iommu group 7
Jun 22 13:16:49 archlinux kernel: pci 0000:00:16.0: Adding to iommu group 8
Jun 22 13:16:49 archlinux kernel: pci 0000:00:1b.0: Adding to iommu group 9
Jun 22 13:16:49 archlinux kernel: pci 0000:00:1d.0: Adding to iommu group 10
Jun 22 13:16:49 archlinux kernel: pci 0000:00:1d.4: Adding to iommu group 11
Jun 22 13:16:49 archlinux kernel: pci 0000:00:1e.0: Adding to iommu group 12
Jun 22 13:16:49 archlinux kernel: pci 0000:00:1f.0: Adding to iommu group 13
Jun 22 13:16:49 archlinux kernel: pci 0000:00:1f.3: Adding to iommu group 13
Jun 22 13:16:49 archlinux kernel: pci 0000:00:1f.4: Adding to iommu group 13
Jun 22 13:16:49 archlinux kernel: pci 0000:00:1f.5: Adding to iommu group 13
Jun 22 13:16:49 archlinux kernel: pci 0000:01:00.0: Adding to iommu group 1
Jun 22 13:16:49 archlinux kernel: pci 0000:01:00.1: Adding to iommu group 1
Jun 22 13:16:49 archlinux kernel: pci 0000:01:00.2: Adding to iommu group 1
Jun 22 13:16:49 archlinux kernel: pci 0000:01:00.3: Adding to iommu group 1
Jun 22 13:16:49 archlinux kernel: pci 0000:02:00.0: Adding to iommu group 14
Jun 22 13:16:49 archlinux kernel: pci 0000:03:00.0: Adding to iommu group 15
Jun 22 13:16:49 archlinux kernel: pci 0000:04:00.0: Adding to iommu group 16
Jun 22 13:16:49 archlinux kernel: pci 0000:05:00.0: Adding to iommu group 17
Jun 22 13:16:49 archlinux kernel: pci 0000:05:01.0: Adding to iommu group 18
Jun 22 13:16:49 archlinux kernel: pci 0000:05:02.0: Adding to iommu group 19
Jun 22 13:16:49 archlinux kernel: pci 0000:06:00.0: Adding to iommu group 20
Jun 22 13:16:49 archlinux kernel: pci 0000:3c:00.0: Adding to iommu group 21
Jun 22 13:16:49 archlinux kernel: DMAR: Intel(R) Virtualization Technology for Directed I/O
Jun 22 13:16:49 archlinux kernel: PCI-DMA: Using software bounce buffering for IO (SWIOTLB)
Jun 22 13:16:49 archlinux kernel: software IO TLB: mapped [mem 0x00000000786c7000-0x000000007c6c7000] (64MB)
Jun 22 13:16:49 archlinux kernel: platform rtc_cmos: registered platform RTC device (no PNP device found)
Jun 22 13:16:49 archlinux kernel: Initialise system trusted keyrings
Jun 22 13:16:49 archlinux kernel: Key type blacklist registered
Jun 22 13:16:49 archlinux kernel: workingset: timestamp_bits=41 max_order=22 bucket_order=0
Jun 22 13:16:49 archlinux kernel: zbud: loaded
Jun 22 13:16:49 archlinux kernel: integrity: Platform Keyring initialized
Jun 22 13:16:49 archlinux kernel: integrity: Machine keyring initialized
Jun 22 13:16:49 archlinux kernel: Key type asymmetric registered
Jun 22 13:16:49 archlinux kernel: Asymmetric key parser 'x509' registered
Jun 22 13:16:49 archlinux kernel: Freeing initrd memory: 74936K
Jun 22 13:16:49 archlinux kernel: alg: self-tests for CTR-KDF (hmac(sha256)) passed
Jun 22 13:16:49 archlinux kernel: Block layer SCSI generic (bsg) driver version 0.4 loaded (major 242)
Jun 22 13:16:49 archlinux kernel: io scheduler mq-deadline registered
Jun 22 13:16:49 archlinux kernel: io scheduler kyber registered
Jun 22 13:16:49 archlinux kernel: io scheduler bfq registered
Jun 22 13:16:49 archlinux kernel: pcieport 0000:00:01.0: PME: Signaling with IRQ 122
Jun 22 13:16:49 archlinux kernel: pcieport 0000:00:1b.0: PME: Signaling with IRQ 123
Jun 22 13:16:49 archlinux kernel: pcieport 0000:00:1d.0: PME: Signaling with IRQ 124
Jun 22 13:16:49 archlinux kernel: pcieport 0000:00:1d.4: PME: Signaling with IRQ 125
Jun 22 13:16:49 archlinux kernel: pcieport 0000:00:1d.4: pciehp: Slot #16 AttnBtn- PwrCtrl- MRL- AttnInd- PwrInd- HotPlug+ Surprise+ Interlock- NoCompl+ IbPresDis- LLActRep+
Jun 22 13:16:49 archlinux kernel: pcieport 0000:05:01.0: enabling device (0002 -> 0003)
Jun 22 13:16:49 archlinux kernel: pcieport 0000:05:01.0: pciehp: Slot #1 AttnBtn- PwrCtrl- MRL- AttnInd- PwrInd- HotPlug+ Surprise+ Interlock- NoCompl+ IbPresDis- LLActRep+
Jun 22 13:16:49 archlinux kernel: shpchp: Standard Hot Plug PCI Controller Driver version: 0.4
Jun 22 13:16:49 archlinux kernel: Monitor-Mwait will be used to enter C-1 state
Jun 22 13:16:49 archlinux kernel: Monitor-Mwait will be used to enter C-2 state
Jun 22 13:16:49 archlinux kernel: Monitor-Mwait will be used to enter C-3 state
Jun 22 13:16:49 archlinux kernel: ACPI: \_SB_.PR00: Found 3 idle states
Jun 22 13:16:49 archlinux kernel: ACPI: AC: AC Adapter [AC0] (on-line)
Jun 22 13:16:49 archlinux kernel: input: Lid Switch as /devices/LNXSYSTM:00/LNXSYBUS:00/PNP0A08:00/device:28/PNP0C09:01/PNP0C0D:00/input/input0
Jun 22 13:16:49 archlinux kernel: ACPI: button: Lid Switch [LID0]
Jun 22 13:16:49 archlinux kernel: input: Power Button as /devices/LNXSYSTM:00/LNXSYBUS:00/PNP0C0C:00/input/input1
Jun 22 13:16:49 archlinux kernel: ACPI: button: Power Button [PWRB]
Jun 22 13:16:49 archlinux kernel: input: Power Button as /devices/LNXSYSTM:00/LNXPWRBN:00/input/input2
Jun 22 13:16:49 archlinux kernel: ACPI: button: Power Button [PWRF]
Jun 22 13:16:49 archlinux kernel: ACPI: thermal: [Firmware Bug]: Invalid critical threshold (0)
Jun 22 13:16:49 archlinux kernel: thermal LNXTHERM:00: registered as thermal_zone0
Jun 22 13:16:49 archlinux kernel: ACPI: thermal: Thermal Zone [TZ00] (28 C)
Jun 22 13:16:49 archlinux kernel: Serial: 8250/16550 driver, 32 ports, IRQ sharing enabled
Jun 22 13:16:49 archlinux kernel: hpet_acpi_add: no address or irqs in _CRS
Jun 22 13:16:49 archlinux kernel: Non-volatile memory driver v1.3
Jun 22 13:16:49 archlinux kernel: Linux agpgart interface v0.103
Jun 22 13:16:49 archlinux kernel: AMD-Vi: AMD IOMMUv2 functionality not available on this system - This is not a bug.
Jun 22 13:16:49 archlinux kernel: ACPI: bus type drm_connector registered
Jun 22 13:16:49 archlinux kernel: ehci_hcd: USB 2.0 'Enhanced' Host Controller (EHCI) Driver
Jun 22 13:16:49 archlinux kernel: ehci-pci: EHCI PCI platform driver
Jun 22 13:16:49 archlinux kernel: ohci_hcd: USB 1.1 'Open' Host Controller (OHCI) Driver
Jun 22 13:16:49 archlinux kernel: ohci-pci: OHCI PCI platform driver
Jun 22 13:16:49 archlinux kernel: uhci_hcd: USB Universal Host Controller Interface driver
Jun 22 13:16:49 archlinux kernel: usbcore: registered new interface driver usbserial_generic
Jun 22 13:16:49 archlinux kernel: usbserial: USB Serial support registered for generic
Jun 22 13:16:49 archlinux kernel: rtc_cmos rtc_cmos: RTC can wake from S4
Jun 22 13:16:49 archlinux kernel: rtc_cmos rtc_cmos: registered as rtc0
Jun 22 13:16:49 archlinux kernel: rtc_cmos rtc_cmos: setting system clock to 2022-06-22T03:16:49 UTC (1655867809)
Jun 22 13:16:49 archlinux kernel: rtc_cmos rtc_cmos: alarms up to one month, y3k, 114 bytes nvram
Jun 22 13:16:49 archlinux kernel: intel_pstate: Intel P-state driver initializing
Jun 22 13:16:49 archlinux kernel: intel_pstate: HWP enabled
Jun 22 13:16:49 archlinux kernel: ledtrig-cpu: registered to indicate activity on CPUs
Jun 22 13:16:49 archlinux kernel: efifb: probing for efifb
Jun 22 13:16:49 archlinux kernel: efifb: showing boot graphics
Jun 22 13:16:49 archlinux kernel: efifb: framebuffer at 0x4000000000, using 8128k, total 8128k
Jun 22 13:16:49 archlinux kernel: efifb: mode is 1920x1080x32, linelength=7680, pages=1
Jun 22 13:16:49 archlinux kernel: efifb: scrolling: redraw
Jun 22 13:16:49 archlinux kernel: efifb: Truecolor: size=8:8:8:8, shift=24:16:8:0
Jun 22 13:16:49 archlinux kernel: fbcon: Deferring console take-over
Jun 22 13:16:49 archlinux kernel: fb0: EFI VGA frame buffer device
Jun 22 13:16:49 archlinux kernel: hid: raw HID events driver (C) Jiri Kosina
Jun 22 13:16:49 archlinux kernel: intel_pmc_core INT33A1:00:  initialized
Jun 22 13:16:49 archlinux kernel: drop_monitor: Initializing network drop monitor service
Jun 22 13:16:49 archlinux kernel: Initializing XFRM netlink socket
Jun 22 13:16:49 archlinux kernel: NET: Registered PF_INET6 protocol family
Jun 22 13:16:49 archlinux kernel: Segment Routing with IPv6
Jun 22 13:16:49 archlinux kernel: RPL Segment Routing with IPv6
Jun 22 13:16:49 archlinux kernel: In-situ OAM (IOAM) with IPv6
Jun 22 13:16:49 archlinux kernel: NET: Registered PF_PACKET protocol family
Jun 22 13:16:49 archlinux kernel: microcode: sig=0xa0652, pf=0x20, revision=0xf0
Jun 22 13:16:49 archlinux kernel: microcode: Microcode Update Driver: v2.2.
Jun 22 13:16:49 archlinux kernel: IPI shorthand broadcast: enabled
Jun 22 13:16:49 archlinux kernel: sched_clock: Marking stable (793620959, 13229198)->(826895921, -20045764)
Jun 22 13:16:49 archlinux kernel: registered taskstats version 1
Jun 22 13:16:49 archlinux kernel: Loading compiled-in X.509 certificates
Jun 22 13:16:49 archlinux kernel: Loaded X.509 cert 'Build time autogenerated kernel key: 7224eee32e57f501fdaf4587ae55848f5868227a'
Jun 22 13:16:49 archlinux kernel: zswap: loaded using pool lz4/z3fold
Jun 22 13:16:49 archlinux kernel: Key type ._fscrypt registered
Jun 22 13:16:49 archlinux kernel: Key type .fscrypt registered
Jun 22 13:16:49 archlinux kernel: Key type fscrypt-provisioning registered
Jun 22 13:16:49 archlinux kernel: integrity: Loading X.509 certificate: UEFI:db
Jun 22 13:16:49 archlinux kernel: integrity: Loaded X.509 cert 'Microsoft Corporation UEFI CA 2011: 13adbf4309bd82709c8cd54f316ed522988a1bd4'
Jun 22 13:16:49 archlinux kernel: integrity: Loading X.509 certificate: UEFI:db
Jun 22 13:16:49 archlinux kernel: integrity: Loaded X.509 cert 'Microsoft Windows Production PCA 2011: a92902398e16c49778cd90f99e4f9ae17c55af53'
Jun 22 13:16:49 archlinux kernel: integrity: Loading X.509 certificate: UEFI:db
Jun 22 13:16:49 archlinux kernel: integrity: Loaded X.509 cert 'RAZER Certificate: d8356ab88082a88e4817f6e3318ed886'
Jun 22 13:16:49 archlinux kernel: PM:   Magic number: 10:687:260
Jun 22 13:16:49 archlinux kernel: acpi device:99: hash matches
Jun 22 13:16:49 archlinux kernel: acpi device:6c: hash matches
Jun 22 13:16:49 archlinux kernel: memory memory130: hash matches
Jun 22 13:16:49 archlinux kernel: RAS: Correctable Errors collector initialized.
Jun 22 13:16:49 archlinux kernel: ACPI: battery: Slot [BAT0] (battery present)
Jun 22 13:16:49 archlinux kernel: Freeing unused decrypted memory: 2036K
Jun 22 13:16:49 archlinux kernel: Freeing unused kernel image (initmem) memory: 1860K
Jun 22 13:16:49 archlinux kernel: Write protecting the kernel read-only data: 28672k
Jun 22 13:16:49 archlinux kernel: Freeing unused kernel image (text/rodata gap) memory: 2040K
Jun 22 13:16:49 archlinux kernel: Freeing unused kernel image (rodata/data gap) memory: 1288K
Jun 22 13:16:49 archlinux kernel: x86/mm: Checked W+X mappings: passed, no W+X pages found.
Jun 22 13:16:49 archlinux kernel: rodata_test: all tests were successful
Jun 22 13:16:49 archlinux kernel: Run /init as init process
Jun 22 13:16:49 archlinux kernel:   with arguments:
Jun 22 13:16:49 archlinux kernel:     /init
Jun 22 13:16:49 archlinux kernel:     splash
Jun 22 13:16:49 archlinux kernel:   with environment:
Jun 22 13:16:49 archlinux kernel:     HOME=/
Jun 22 13:16:49 archlinux kernel:     TERM=linux
Jun 22 13:16:49 archlinux kernel:     BOOT_IMAGE=/boot/vmlinuz-linux
Jun 22 13:16:49 archlinux systemd[1]: systemd 251.2-1-arch running in system mode (+PAM +AUDIT -SELINUX -APPARMOR -IMA +SMACK +SECCOMP +GCRYPT +GNUTLS +OPENSSL +ACL +BLKID +CURL +ELFUTILS +FIDO2 +IDN2 -IDN +IPTC +KMOD +LIBCRYPTSETUP +LIBFDISK +PCRE2 -PWQUALITY +P11KIT -QRENCODE +TPM2 +BZIP2 +LZ4 +XZ +ZLIB +ZSTD -BPF_FRAMEWORK +XKBCOMMON +UTMP -SYSVINIT default-hierarchy=unified)
Jun 22 13:16:49 archlinux systemd[1]: Detected architecture x86-64.
Jun 22 13:16:49 archlinux systemd[1]: Running in initial RAM disk.
Jun 22 13:16:49 archlinux systemd[1]: Initializing machine ID from random generator.
Jun 22 13:16:49 archlinux systemd[1]: Queued start job for default target Initrd Default Target.
Jun 22 13:16:49 archlinux systemd[1]: Reached target Local File Systems.
Jun 22 13:16:49 archlinux systemd[1]: Reached target Path Units.
Jun 22 13:16:49 archlinux systemd[1]: Reached target Slice Units.
Jun 22 13:16:49 archlinux systemd[1]: Reached target Swaps.
Jun 22 13:16:49 archlinux systemd[1]: Reached target Timer Units.
Jun 22 13:16:49 archlinux systemd[1]: Listening on Journal Audit Socket.
Jun 22 13:16:49 archlinux systemd[1]: Listening on Journal Socket (/dev/log).
Jun 22 13:16:49 archlinux systemd[1]: Listening on Journal Socket.
Jun 22 13:16:49 archlinux systemd[1]: Listening on udev Control Socket.
Jun 22 13:16:49 archlinux systemd[1]: Listening on udev Kernel Socket.
Jun 22 13:16:49 archlinux systemd[1]: Reached target Socket Units.
Jun 22 13:16:49 archlinux systemd[1]: Create List of Static Device Nodes was skipped because of a failed condition check (ConditionFileNotEmpty=/lib/modules/5.18.5-arch1-1/modules.devname).
Jun 22 13:16:49 archlinux systemd[1]: Starting Journal Service...
Jun 22 13:16:49 archlinux systemd[1]: Starting Load Kernel Modules...
Jun 22 13:16:49 archlinux systemd[1]: Starting Create Static Device Nodes in /dev...
Jun 22 13:16:49 archlinux systemd[1]: Starting Coldplug All udev Devices...
Jun 22 13:16:49 archlinux systemd[1]: Finished Create Static Device Nodes in /dev.
Jun 22 13:16:49 archlinux systemd[1]: Starting Rule-based Manager for Device Events and Files...
Jun 22 13:16:49 archlinux systemd[1]: Started Rule-based Manager for Device Events and Files.
Jun 22 13:16:49 archlinux kernel: audit: type=1130 audit(1655867809.613:2): pid=1 uid=0 auid=4294967295 ses=4294967295 msg='unit=systemd-udevd comm="systemd" exe="/init" hostname=? addr=? terminal=? res=success'
Jun 22 13:16:49 archlinux systemd-journald[218]: Journal started
Jun 22 13:16:49 archlinux systemd-journald[218]: Runtime Journal (/run/log/journal/9eedaf0f5efd4662bbb38dbf37c2e594) is 8.0M, max 317.1M, 309.1M free.
Jun 22 13:16:49 archlinux audit[1]: SERVICE_START pid=1 uid=0 auid=4294967295 ses=4294967295 msg='unit=systemd-udevd comm="systemd" exe="/init" hostname=? addr=? terminal=? res=success'
Jun 22 13:16:49 archlinux systemd-udevd[222]: Using default interface naming scheme 'v251'.
Jun 22 13:16:49 archlinux audit[1]: SERVICE_START pid=1 uid=0 auid=4294967295 ses=4294967295 msg='unit=systemd-journald comm="systemd" exe="/init" hostname=? addr=? terminal=? res=success'
Jun 22 13:16:49 archlinux systemd[1]: Started Journal Service.
Jun 22 13:16:49 archlinux kernel: audit: type=1130 audit(1655867809.626:3): pid=1 uid=0 auid=4294967295 ses=4294967295 msg='unit=systemd-journald comm="systemd" exe="/init" hostname=? addr=? terminal=? res=success'
Jun 22 13:16:49 archlinux systemd[1]: Finished Coldplug All udev Devices.
Jun 22 13:16:49 archlinux audit[1]: SERVICE_START pid=1 uid=0 auid=4294967295 ses=4294967295 msg='unit=systemd-udev-trigger comm="systemd" exe="/init" hostname=? addr=? terminal=? res=success'
Jun 22 13:16:49 archlinux kernel: audit: type=1130 audit(1655867809.663:4): pid=1 uid=0 auid=4294967295 ses=4294967295 msg='unit=systemd-udev-trigger comm="systemd" exe="/init" hostname=? addr=? terminal=? res=success'
Jun 22 13:16:49 archlinux kernel: rtsx_pci 0000:02:00.0: enabling device (0000 -> 0002)
Jun 22 13:16:49 archlinux kernel: i915 0000:00:02.0: [drm] VT-d active for gfx access
Jun 22 13:16:49 archlinux kernel: checking generic (4000000000 7f0000) vs hw (6043000000 1000000)
Jun 22 13:16:49 archlinux kernel: checking generic (4000000000 7f0000) vs hw (4000000000 10000000)
Jun 22 13:16:49 archlinux kernel: fb0: switching to i915 from EFI VGA
Jun 22 13:16:49 archlinux kernel: i915 0000:00:02.0: vgaarb: deactivate vga console
Jun 22 13:16:49 archlinux kernel: i915 0000:00:02.0: [drm] Transparent Hugepage mode 'huge=within_size'
Jun 22 13:16:49 archlinux kernel: i915 0000:00:02.0: vgaarb: changed VGA decodes: olddecodes=io+mem,decodes=none:owns=io+mem
Jun 22 13:16:49 archlinux kernel: nvidia: loading out-of-tree module taints kernel.
Jun 22 13:16:49 archlinux kernel: nvidia: module license 'NVIDIA' taints kernel.
Jun 22 13:16:49 archlinux kernel: Disabling lock debugging due to kernel taint
Jun 22 13:16:49 archlinux kernel: xhci_hcd 0000:00:14.0: xHCI Host Controller
Jun 22 13:16:49 archlinux kernel: xhci_hcd 0000:00:14.0: new USB bus registered, assigned bus number 1
Jun 22 13:16:49 archlinux kernel: xhci_hcd 0000:00:14.0: hcc params 0x200077c1 hci version 0x110 quirks 0x0000000000009810
Jun 22 13:16:49 archlinux kernel: i915 0000:00:02.0: [drm] Finished loading DMC firmware i915/kbl_dmc_ver1_04.bin (v1.4)
Jun 22 13:16:49 archlinux kernel: xhci_hcd 0000:00:14.0: xHCI Host Controller
Jun 22 13:16:49 archlinux kernel: xhci_hcd 0000:00:14.0: new USB bus registered, assigned bus number 2
Jun 22 13:16:49 archlinux kernel: xhci_hcd 0000:00:14.0: Host supports USB 3.1 Enhanced SuperSpeed
Jun 22 13:16:49 archlinux kernel: usb usb1: New USB device found, idVendor=1d6b, idProduct=0002, bcdDevice= 5.18
Jun 22 13:16:49 archlinux kernel: usb usb1: New USB device strings: Mfr=3, Product=2, SerialNumber=1
Jun 22 13:16:49 archlinux kernel: usb usb1: Product: xHCI Host Controller
Jun 22 13:16:49 archlinux kernel: usb usb1: Manufacturer: Linux 5.18.5-arch1-1 xhci-hcd
Jun 22 13:16:49 archlinux kernel: usb usb1: SerialNumber: 0000:00:14.0
Jun 22 13:16:49 archlinux kernel: hub 1-0:1.0: USB hub found
Jun 22 13:16:49 archlinux kernel: hub 1-0:1.0: 16 ports detected
Jun 22 13:16:49 archlinux kernel: usb usb2: New USB device found, idVendor=1d6b, idProduct=0003, bcdDevice= 5.18
Jun 22 13:16:49 archlinux kernel: usb usb2: New USB device strings: Mfr=3, Product=2, SerialNumber=1
Jun 22 13:16:49 archlinux kernel: usb usb2: Product: xHCI Host Controller
Jun 22 13:16:49 archlinux kernel: usb usb2: Manufacturer: Linux 5.18.5-arch1-1 xhci-hcd
Jun 22 13:16:49 archlinux kernel: usb usb2: SerialNumber: 0000:00:14.0
Jun 22 13:16:49 archlinux kernel: hub 2-0:1.0: USB hub found
Jun 22 13:16:49 archlinux kernel: hub 2-0:1.0: 8 ports detected
Jun 22 13:16:49 archlinux kernel: nvme 0000:03:00.0: platform quirk: setting simple suspend
Jun 22 13:16:49 archlinux kernel: nvme nvme0: pci function 0000:03:00.0
Jun 22 13:16:49 archlinux kernel: xhci_hcd 0000:01:00.2: xHCI Host Controller
Jun 22 13:16:49 archlinux kernel: xhci_hcd 0000:01:00.2: new USB bus registered, assigned bus number 3
Jun 22 13:16:49 archlinux kernel: xhci_hcd 0000:01:00.2: hcc params 0x0180ff05 hci version 0x110 quirks 0x0000000000000010
Jun 22 13:16:49 archlinux kernel: xhci_hcd 0000:01:00.2: xHCI Host Controller
Jun 22 13:16:49 archlinux kernel: xhci_hcd 0000:01:00.2: new USB bus registered, assigned bus number 4
Jun 22 13:16:49 archlinux kernel: xhci_hcd 0000:01:00.2: Host supports USB 3.1 Enhanced SuperSpeed
Jun 22 13:16:49 archlinux kernel: usb usb3: New USB device found, idVendor=1d6b, idProduct=0002, bcdDevice= 5.18
Jun 22 13:16:49 archlinux kernel: usb usb3: New USB device strings: Mfr=3, Product=2, SerialNumber=1
Jun 22 13:16:49 archlinux kernel: usb usb3: Product: xHCI Host Controller
Jun 22 13:16:49 archlinux kernel: usb usb3: Manufacturer: Linux 5.18.5-arch1-1 xhci-hcd
Jun 22 13:16:49 archlinux kernel: usb usb3: SerialNumber: 0000:01:00.2
Jun 22 13:16:49 archlinux kernel: hub 3-0:1.0: USB hub found
Jun 22 13:16:49 archlinux kernel: hub 3-0:1.0: 2 ports detected
Jun 22 13:16:49 archlinux kernel: usb usb4: We don't know the algorithms for LPM for this host, disabling LPM.
Jun 22 13:16:49 archlinux kernel: usb usb4: New USB device found, idVendor=1d6b, idProduct=0003, bcdDevice= 5.18
Jun 22 13:16:49 archlinux kernel: usb usb4: New USB device strings: Mfr=3, Product=2, SerialNumber=1
Jun 22 13:16:49 archlinux kernel: usb usb4: Product: xHCI Host Controller
Jun 22 13:16:49 archlinux kernel: usb usb4: Manufacturer: Linux 5.18.5-arch1-1 xhci-hcd
Jun 22 13:16:49 archlinux kernel: usb usb4: SerialNumber: 0000:01:00.2
Jun 22 13:16:49 archlinux kernel: hub 4-0:1.0: USB hub found
Jun 22 13:16:49 archlinux kernel: hub 4-0:1.0: 4 ports detected
Jun 22 13:16:49 archlinux kernel: xhci_hcd 0000:3c:00.0: xHCI Host Controller
Jun 22 13:16:49 archlinux kernel: xhci_hcd 0000:3c:00.0: new USB bus registered, assigned bus number 5
Jun 22 13:16:49 archlinux kernel: xhci_hcd 0000:3c:00.0: hcc params 0x200077c1 hci version 0x110 quirks 0x0000000200009810
Jun 22 13:16:49 archlinux kernel: xhci_hcd 0000:3c:00.0: xHCI Host Controller
Jun 22 13:16:49 archlinux kernel: xhci_hcd 0000:3c:00.0: new USB bus registered, assigned bus number 6
Jun 22 13:16:49 archlinux kernel: xhci_hcd 0000:3c:00.0: Host supports USB 3.1 Enhanced SuperSpeed
Jun 22 13:16:49 archlinux kernel: usb usb5: New USB device found, idVendor=1d6b, idProduct=0002, bcdDevice= 5.18
Jun 22 13:16:49 archlinux kernel: usb usb5: New USB device strings: Mfr=3, Product=2, SerialNumber=1
Jun 22 13:16:49 archlinux kernel: usb usb5: Product: xHCI Host Controller
Jun 22 13:16:49 archlinux kernel: usb usb5: Manufacturer: Linux 5.18.5-arch1-1 xhci-hcd
Jun 22 13:16:49 archlinux kernel: usb usb5: SerialNumber: 0000:3c:00.0
Jun 22 13:16:49 archlinux kernel: hub 5-0:1.0: USB hub found
Jun 22 13:16:49 archlinux kernel: hub 5-0:1.0: 2 ports detected
Jun 22 13:16:49 archlinux kernel: usb usb6: New USB device found, idVendor=1d6b, idProduct=0003, bcdDevice= 5.18
Jun 22 13:16:49 archlinux kernel: usb usb6: New USB device strings: Mfr=3, Product=2, SerialNumber=1
Jun 22 13:16:49 archlinux kernel: usb usb6: Product: xHCI Host Controller
Jun 22 13:16:49 archlinux kernel: usb usb6: Manufacturer: Linux 5.18.5-arch1-1 xhci-hcd
Jun 22 13:16:49 archlinux kernel: usb usb6: SerialNumber: 0000:3c:00.0
Jun 22 13:16:49 archlinux kernel: hub 6-0:1.0: USB hub found
Jun 22 13:16:49 archlinux kernel: hub 6-0:1.0: 2 ports detected
Jun 22 13:16:49 archlinux kernel: nvidia: module verification failed: signature and/or required key missing - tainting kernel
Jun 22 13:16:49 archlinux kernel: [drm] Initialized i915 1.6.0 20201103 for 0000:00:02.0 on minor 0
Jun 22 13:16:49 archlinux kernel: ACPI: video: Video Device [GFX0] (multi-head: yes  rom: no  post: no)
Jun 22 13:16:49 archlinux kernel: input: Video Bus as /devices/LNXSYSTM:00/LNXSYBUS:00/PNP0A08:00/LNXVIDEO:00/input/input3
Jun 22 13:16:49 archlinux kernel: ACPI: video: [Firmware Bug]: ACPI(PEGP) defines _DOD but not _DOS
Jun 22 13:16:49 archlinux kernel: ACPI: video: Video Device [PEGP] (multi-head: yes  rom: yes  post: no)
Jun 22 13:16:49 archlinux kernel: input: Video Bus as /devices/LNXSYSTM:00/LNXSYBUS:00/PNP0A08:00/device:13/LNXVIDEO:01/input/input4
Jun 22 13:16:49 archlinux kernel: fbcon: i915drmfb (fb0) is primary device
Jun 22 13:16:49 archlinux kernel: fbcon: Deferring console take-over
Jun 22 13:16:49 archlinux kernel: i915 0000:00:02.0: [drm] fb0: i915drmfb frame buffer device
Jun 22 13:16:49 archlinux kernel: nvidia-nvlink: Nvlink Core is being initialized, major device number 235
Jun 22 13:16:49 archlinux kernel: 
Jun 22 13:16:49 archlinux kernel: nvidia 0000:01:00.0: enabling device (0000 -> 0003)
Jun 22 13:16:49 archlinux kernel: nvidia 0000:01:00.0: vgaarb: changed VGA decodes: olddecodes=io+mem,decodes=none:owns=none
Jun 22 13:16:49 archlinux kernel: NVRM: loading NVIDIA UNIX x86_64 Kernel Module  515.48.07  Fri May 27 03:26:43 UTC 2022
Jun 22 13:16:49 archlinux kernel: usb usb1-port1: over-current condition
Jun 22 13:16:50 archlinux kernel: usb 2-2: new SuperSpeed USB device number 2 using xhci_hcd
Jun 22 13:16:50 archlinux kernel: usb 2-2: New USB device found, idVendor=2109, idProduct=0817, bcdDevice=90.23
Jun 22 13:16:50 archlinux kernel: usb 2-2: New USB device strings: Mfr=1, Product=2, SerialNumber=0
Jun 22 13:16:50 archlinux kernel: usb 2-2: Product: USB3.0 Hub             
Jun 22 13:16:50 archlinux kernel: usb 2-2: Manufacturer: VIA Labs, Inc.         
Jun 22 13:16:50 archlinux kernel: hub 2-2:1.0: USB hub found
Jun 22 13:16:50 archlinux kernel: hub 2-2:1.0: 4 ports detected
Jun 22 13:16:50 archlinux kernel: usb 1-2: new high-speed USB device number 2 using xhci_hcd
Jun 22 13:16:50 archlinux kernel: tsc: Refined TSC clocksource calibration: 2304.004 MHz
Jun 22 13:16:50 archlinux kernel: clocksource: tsc: mask: 0xffffffffffffffff max_cycles: 0x2135fb8e938, max_idle_ns: 440795220508 ns
Jun 22 13:16:50 archlinux kernel: clocksource: Switched to clocksource tsc
Jun 22 13:16:50 archlinux kernel: usb 1-2: New USB device found, idVendor=2109, idProduct=2817, bcdDevice=90.23
Jun 22 13:16:50 archlinux kernel: usb 1-2: New USB device strings: Mfr=1, Product=2, SerialNumber=0
Jun 22 13:16:50 archlinux kernel: usb 1-2: Product: USB2.0 Hub             
Jun 22 13:16:50 archlinux kernel: usb 1-2: Manufacturer: VIA Labs, Inc.         
Jun 22 13:16:50 archlinux kernel: hub 1-2:1.0: USB hub found
Jun 22 13:16:50 archlinux kernel: hub 1-2:1.0: 4 ports detected
Jun 22 13:16:50 archlinux kernel: usb 1-7: new high-speed USB device number 3 using xhci_hcd
Jun 22 13:16:50 archlinux kernel: usb 1-7: New USB device found, idVendor=13d3, idProduct=56d5, bcdDevice=19.07
Jun 22 13:16:50 archlinux kernel: usb 1-7: New USB device strings: Mfr=3, Product=1, SerialNumber=2
Jun 22 13:16:50 archlinux kernel: usb 1-7: Product: Integrated Camera
Jun 22 13:16:50 archlinux kernel: usb 1-7: Manufacturer: Azurewave
Jun 22 13:16:50 archlinux kernel: usb 1-7: SerialNumber: 200901010001
Jun 22 13:16:50 archlinux kernel: usb 1-8: new full-speed USB device number 4 using xhci_hcd
Jun 22 13:16:51 archlinux kernel: usb 1-8: New USB device found, idVendor=1532, idProduct=0253, bcdDevice= 2.00
Jun 22 13:16:51 archlinux kernel: usb 1-8: New USB device strings: Mfr=1, Product=2, SerialNumber=0
Jun 22 13:16:51 archlinux kernel: usb 1-8: Product: Razer Blade
Jun 22 13:16:51 archlinux kernel: usb 1-8: Manufacturer: Razer
Jun 22 13:16:51 archlinux kernel: usb 1-2.3: new high-speed USB device number 5 using xhci_hcd
Jun 22 13:16:51 archlinux kernel: usb 1-2.3: New USB device found, idVendor=14cd, idProduct=1212, bcdDevice= 1.00
Jun 22 13:16:51 archlinux kernel: usb 1-2.3: New USB device strings: Mfr=1, Product=3, SerialNumber=2
Jun 22 13:16:51 archlinux kernel: usb 1-2.3: Product: Mass Storage Device
Jun 22 13:16:51 archlinux kernel: usb 1-2.3: Manufacturer: Generic
Jun 22 13:16:51 archlinux kernel: usb 1-2.3: SerialNumber: 121220160204
Jun 22 13:16:51 archlinux kernel: usb 1-14: new full-speed USB device number 6 using xhci_hcd
Jun 22 13:16:51 archlinux kernel: usb 1-14: New USB device found, idVendor=8087, idProduct=0026, bcdDevice= 0.02
Jun 22 13:16:51 archlinux kernel: usb 1-14: New USB device strings: Mfr=0, Product=0, SerialNumber=0
Jun 22 13:16:51 archlinux kernel: usb 1-2.4: new full-speed USB device number 7 using xhci_hcd
Jun 22 13:16:51 archlinux kernel: usb 1-2.4: New USB device found, idVendor=258a, idProduct=0016, bcdDevice= 0.01
Jun 22 13:16:51 archlinux kernel: usb 1-2.4: New USB device strings: Mfr=1, Product=2, SerialNumber=0
Jun 22 13:16:51 archlinux kernel: usb 1-2.4: Product: Usb Gaming Keyboard
Jun 22 13:16:51 archlinux kernel: usb 1-2.4: Manufacturer: BY Tech
Jun 22 13:16:52 archlinux kernel: nvme nvme0: Shutdown timeout set to 8 seconds
Jun 22 13:16:52 archlinux kernel: nvme nvme0: 16/0/0 default/read/poll queues
Jun 22 13:16:52 archlinux kernel:  nvme0n1: p1 p2 p3
Jun 22 13:16:52 archlinux systemd-modules-load[219]: Inserted module 'i915'
Jun 22 13:16:52 archlinux systemd-modules-load[219]: Inserted module 'nvidia_modeset'
Jun 22 13:16:52 archlinux kernel: nvidia-modeset: Loading NVIDIA Kernel Mode Setting Driver for UNIX platforms  515.48.07  Fri May 27 03:18:00 UTC 2022
Jun 22 13:16:52 archlinux kernel: usb-storage 1-2.3:1.0: USB Mass Storage device detected
Jun 22 13:16:52 archlinux kernel: scsi host0: usb-storage 1-2.3:1.0
Jun 22 13:16:52 archlinux kernel: input: Razer Razer Blade as /devices/pci0000:00/0000:00:14.0/usb1/1-8/1-8:1.0/0003:1532:0253.0001/input/input5
Jun 22 13:16:52 archlinux kernel: usbcore: registered new interface driver usb-storage
Jun 22 13:16:52 archlinux kernel: [drm] [nvidia-drm] [GPU ID 0x00000100] Loading driver
Jun 22 13:16:52 archlinux kernel: nvidia_uvm: module uses symbols from proprietary module nvidia, inheriting taint.
Jun 22 13:16:52 archlinux kernel: ACPI Warning: \_SB.PCI0.PEG0.PEGP._DSM: Argument #4 type mismatch - Found [Buffer], ACPI requires [Package] (20211217/nsarguments-61)
Jun 22 13:16:52 archlinux kernel: ACPI Warning: \_SB.NPCF._DSM: Argument #4 type mismatch - Found [Buffer], ACPI requires [Package] (20211217/nsarguments-61)
Jun 22 13:16:52 archlinux kernel: hid-generic 0003:1532:0253.0001: input,hidraw0: USB HID v1.11 Keyboard [Razer Razer Blade] on usb-0000:00:14.0-8/input0
Jun 22 13:16:52 archlinux kernel: input: Razer Razer Blade Keyboard as /devices/pci0000:00/0000:00:14.0/usb1/1-8/1-8:1.1/0003:1532:0253.0002/input/input6
Jun 22 13:16:52 archlinux systemd[1]: Found device SAMSUNG MZVLB1T0HBLR-00A00 Arch_x64.
Jun 22 13:16:52 archlinux systemd[1]: Reached target Initrd Root Device.
Jun 22 13:16:52 archlinux systemd[1]: Starting File System Check on /dev/disk/by-uuid/4c014b94-e681-4477-b7b7-3ae9aa3bb064...
Jun 22 13:16:52 archlinux systemd-fsck[304]: Arch_x64: clean, 2065950/61336352 files, 122795202/245797120 blocks
Jun 22 13:16:52 archlinux systemd[1]: Finished File System Check on /dev/disk/by-uuid/4c014b94-e681-4477-b7b7-3ae9aa3bb064.
Jun 22 13:16:52 archlinux audit[1]: SERVICE_START pid=1 uid=0 auid=4294967295 ses=4294967295 msg='unit=systemd-fsck-root comm="systemd" exe="/init" hostname=? addr=? terminal=? res=success'
Jun 22 13:16:52 archlinux systemd[1]: Mounting /sysroot...
Jun 22 13:16:52 archlinux kernel: input: Razer Razer Blade as /devices/pci0000:00/0000:00:14.0/usb1/1-8/1-8:1.1/0003:1532:0253.0002/input/input7
Jun 22 13:16:52 archlinux kernel: hid-generic 0003:1532:0253.0002: input,hidraw1: USB HID v1.11 Keyboard [Razer Razer Blade] on usb-0000:00:14.0-8/input1
Jun 22 13:16:52 archlinux kernel: input: Razer Razer Blade as /devices/pci0000:00/0000:00:14.0/usb1/1-8/1-8:1.2/0003:1532:0253.0003/input/input8
Jun 22 13:16:52 archlinux kernel: hid-generic 0003:1532:0253.0003: input,hidraw2: USB HID v1.11 Mouse [Razer Razer Blade] on usb-0000:00:14.0-8/input2
Jun 22 13:16:52 archlinux kernel: audit: type=1130 audit(1655867812.334:5): pid=1 uid=0 auid=4294967295 ses=4294967295 msg='unit=systemd-fsck-root comm="systemd" exe="/init" hostname=? addr=? terminal=? res=success'
Jun 22 13:16:52 archlinux kernel: input: BY Tech Usb Gaming Keyboard as /devices/pci0000:00/0000:00:14.0/usb1/1-2/1-2.4/1-2.4:1.0/0003:258A:0016.0004/input/input9
Jun 22 13:16:52 archlinux systemd[1]: Mounted /sysroot.
Jun 22 13:16:52 archlinux systemd[1]: Reached target Initrd Root File System.
Jun 22 13:16:52 archlinux systemd[1]: Starting Reload Configuration from the Real Root...
Jun 22 13:16:52 archlinux kernel: EXT4-fs (nvme0n1p3): mounted filesystem with ordered data mode. Quota mode: none.
Jun 22 13:16:52 archlinux systemd[1]: Reloading.
Jun 22 13:16:52 archlinux kernel: hid-generic 0003:258A:0016.0004: input,hidraw3: USB HID v1.10 Keyboard [BY Tech Usb Gaming Keyboard] on usb-0000:00:14.0-2.4/input0
Jun 22 13:16:52 archlinux kernel: input: BY Tech Usb Gaming Keyboard System Control as /devices/pci0000:00/0000:00:14.0/usb1/1-2/1-2.4/1-2.4:1.1/0003:258A:0016.0005/input/input10
Jun 22 13:16:52 archlinux audit: BPF prog-id=9 op=LOAD
Jun 22 13:16:52 archlinux kernel: audit: type=1334 audit(1655867812.404:6): prog-id=9 op=LOAD
Jun 22 13:16:52 archlinux kernel: audit: type=1334 audit(1655867812.404:7): prog-id=0 op=UNLOAD
Jun 22 13:16:52 archlinux kernel: audit: type=1334 audit(1655867812.408:8): prog-id=10 op=LOAD
Jun 22 13:16:52 archlinux kernel: audit: type=1334 audit(1655867812.408:9): prog-id=11 op=LOAD
Jun 22 13:16:52 archlinux kernel: audit: type=1334 audit(1655867812.408:10): prog-id=0 op=UNLOAD
Jun 22 13:16:52 archlinux audit: BPF prog-id=0 op=UNLOAD
Jun 22 13:16:52 archlinux audit: BPF prog-id=10 op=LOAD
Jun 22 13:16:52 archlinux audit: BPF prog-id=11 op=LOAD
Jun 22 13:16:52 archlinux audit: BPF prog-id=0 op=UNLOAD
Jun 22 13:16:52 archlinux audit: BPF prog-id=0 op=UNLOAD
Jun 22 13:16:52 archlinux audit: BPF prog-id=12 op=LOAD
Jun 22 13:16:52 archlinux audit: BPF prog-id=0 op=UNLOAD
Jun 22 13:16:52 archlinux audit: BPF prog-id=13 op=LOAD
Jun 22 13:16:52 archlinux audit: BPF prog-id=14 op=LOAD
Jun 22 13:16:52 archlinux audit: BPF prog-id=0 op=UNLOAD
Jun 22 13:16:52 archlinux audit: BPF prog-id=0 op=UNLOAD
Jun 22 13:16:52 archlinux systemd[1]: initrd-parse-etc.service: Deactivated successfully.
Jun 22 13:16:52 archlinux systemd[1]: Finished Reload Configuration from the Real Root.
Jun 22 13:16:52 archlinux audit[1]: SERVICE_START pid=1 uid=0 auid=4294967295 ses=4294967295 msg='unit=initrd-parse-etc comm="systemd" exe="/init" hostname=? addr=? terminal=? res=success'
Jun 22 13:16:52 archlinux audit[1]: SERVICE_STOP pid=1 uid=0 auid=4294967295 ses=4294967295 msg='unit=initrd-parse-etc comm="systemd" exe="/init" hostname=? addr=? terminal=? res=success'
Jun 22 13:16:52 archlinux systemd[1]: Reached target Initrd File Systems.
Jun 22 13:16:52 archlinux kernel: input: BY Tech Usb Gaming Keyboard Consumer Control as /devices/pci0000:00/0000:00:14.0/usb1/1-2/1-2.4/1-2.4:1.1/0003:258A:0016.0005/input/input11
Jun 22 13:16:52 archlinux kernel: input: BY Tech Usb Gaming Keyboard as /devices/pci0000:00/0000:00:14.0/usb1/1-2/1-2.4/1-2.4:1.1/0003:258A:0016.0005/input/input13
Jun 22 13:16:52 archlinux kernel: input: BY Tech Usb Gaming Keyboard Mouse as /devices/pci0000:00/0000:00:14.0/usb1/1-2/1-2.4/1-2.4:1.1/0003:258A:0016.0005/input/input14
Jun 22 13:16:52 archlinux kernel: hid-generic 0003:258A:0016.0005: input,hiddev96,hidraw4: USB HID v1.10 Keyboard [BY Tech Usb Gaming Keyboard] on usb-0000:00:14.0-2.4/input1
Jun 22 13:16:52 archlinux kernel: usbcore: registered new interface driver usbhid
Jun 22 13:16:52 archlinux kernel: usbhid: USB HID core driver
Jun 22 13:16:52 archlinux systemd-modules-load[219]: Inserted module 'nvidia_uvm'
Jun 22 13:16:52 archlinux kernel: nvidia-uvm: Loaded the UVM driver, major device number 511.
Jun 22 13:16:52 archlinux systemd-modules-load[219]: Inserted module 'nvidia_drm'
Jun 22 13:16:52 archlinux systemd[1]: Finished Load Kernel Modules.
Jun 22 13:16:52 archlinux audit[1]: SERVICE_START pid=1 uid=0 auid=4294967295 ses=4294967295 msg='unit=systemd-modules-load comm="systemd" exe="/init" hostname=? addr=? terminal=? res=success'
Jun 22 13:16:52 archlinux kernel: [drm] Initialized nvidia-drm 0.0.0 20160202 for 0000:01:00.0 on minor 1
Jun 22 13:16:52 archlinux systemd[1]: Reached target System Initialization.
Jun 22 13:16:52 archlinux systemd[1]: Reached target Basic System.
Jun 22 13:16:52 archlinux systemd[1]: Reached target Initrd Default Target.
Jun 22 13:16:52 archlinux systemd[1]: Starting Cleaning Up and Shutting Down Daemons...
Jun 22 13:16:52 archlinux systemd[1]: Stopped target Initrd Default Target.
Jun 22 13:16:52 archlinux systemd[1]: Stopped target Basic System.
Jun 22 13:16:52 archlinux systemd[1]: Stopped target Initrd Root Device.
Jun 22 13:16:52 archlinux systemd[1]: Stopped target Path Units.
Jun 22 13:16:52 archlinux systemd[1]: Stopped target Slice Units.
Jun 22 13:16:52 archlinux systemd[1]: Stopped target Socket Units.
Jun 22 13:16:52 archlinux systemd[1]: Stopped target System Initialization.
Jun 22 13:16:52 archlinux systemd[1]: Stopped target Local File Systems.
Jun 22 13:16:52 archlinux systemd[1]: Stopped target Swaps.
Jun 22 13:16:52 archlinux systemd[1]: Stopped target Timer Units.
Jun 22 13:16:52 archlinux systemd[1]: systemd-modules-load.service: Deactivated successfully.
Jun 22 13:16:52 archlinux systemd[1]: Stopped Load Kernel Modules.
Jun 22 13:16:52 archlinux audit[1]: SERVICE_STOP pid=1 uid=0 auid=4294967295 ses=4294967295 msg='unit=systemd-modules-load comm="systemd" exe="/init" hostname=? addr=? terminal=? res=success'
Jun 22 13:16:52 archlinux systemd[1]: systemd-udev-trigger.service: Deactivated successfully.
Jun 22 13:16:52 archlinux systemd[1]: Stopped Coldplug All udev Devices.
Jun 22 13:16:52 archlinux audit[1]: SERVICE_STOP pid=1 uid=0 auid=4294967295 ses=4294967295 msg='unit=systemd-udev-trigger comm="systemd" exe="/init" hostname=? addr=? terminal=? res=success'
Jun 22 13:16:52 archlinux systemd[1]: Stopping Rule-based Manager for Device Events and Files...
Jun 22 13:16:52 archlinux systemd[1]: initrd-cleanup.service: Deactivated successfully.
Jun 22 13:16:52 archlinux systemd[1]: Finished Cleaning Up and Shutting Down Daemons.
Jun 22 13:16:52 archlinux audit[1]: SERVICE_START pid=1 uid=0 auid=4294967295 ses=4294967295 msg='unit=initrd-cleanup comm="systemd" exe="/init" hostname=? addr=? terminal=? res=success'
Jun 22 13:16:52 archlinux audit[1]: SERVICE_STOP pid=1 uid=0 auid=4294967295 ses=4294967295 msg='unit=initrd-cleanup comm="systemd" exe="/init" hostname=? addr=? terminal=? res=success'
Jun 22 13:16:52 archlinux systemd[1]: systemd-udevd.service: Deactivated successfully.
Jun 22 13:16:52 archlinux systemd[1]: Stopped Rule-based Manager for Device Events and Files.
Jun 22 13:16:52 archlinux systemd[1]: systemd-udevd.service: Consumed 1.295s CPU time.
Jun 22 13:16:52 archlinux audit[1]: SERVICE_STOP pid=1 uid=0 auid=4294967295 ses=4294967295 msg='unit=systemd-udevd comm="systemd" exe="/init" hostname=? addr=? terminal=? res=success'
Jun 22 13:16:52 archlinux systemd[1]: systemd-udevd-control.socket: Deactivated successfully.
Jun 22 13:16:52 archlinux systemd[1]: Closed udev Control Socket.
Jun 22 13:16:52 archlinux systemd[1]: systemd-udevd-kernel.socket: Deactivated successfully.
Jun 22 13:16:52 archlinux systemd[1]: Closed udev Kernel Socket.
Jun 22 13:16:52 archlinux systemd[1]: Starting Cleanup udev Database...
Jun 22 13:16:52 archlinux systemd[1]: systemd-tmpfiles-setup-dev.service: Deactivated successfully.
Jun 22 13:16:52 archlinux systemd[1]: Stopped Create Static Device Nodes in /dev.
Jun 22 13:16:52 archlinux audit[1]: SERVICE_STOP pid=1 uid=0 auid=4294967295 ses=4294967295 msg='unit=systemd-tmpfiles-setup-dev comm="systemd" exe="/init" hostname=? addr=? terminal=? res=success'
Jun 22 13:16:52 archlinux systemd[1]: initrd-udevadm-cleanup-db.service: Deactivated successfully.
Jun 22 13:16:52 archlinux systemd[1]: Finished Cleanup udev Database.
Jun 22 13:16:52 archlinux audit[1]: SERVICE_START pid=1 uid=0 auid=4294967295 ses=4294967295 msg='unit=initrd-udevadm-cleanup-db comm="systemd" exe="/init" hostname=? addr=? terminal=? res=success'
Jun 22 13:16:52 archlinux audit[1]: SERVICE_STOP pid=1 uid=0 auid=4294967295 ses=4294967295 msg='unit=initrd-udevadm-cleanup-db comm="systemd" exe="/init" hostname=? addr=? terminal=? res=success'
Jun 22 13:16:52 archlinux systemd[1]: Reached target Switch Root.
Jun 22 13:16:52 archlinux systemd[1]: Starting Switch Root...
Jun 22 13:16:52 archlinux systemd[1]: Switching root.
Jun 22 13:16:52 archlinux systemd-journald[218]: Journal stopped
Jun 22 13:16:53 rager systemd-journald[218]: Received SIGTERM from PID 1 (systemd).
Jun 22 13:16:53 rager systemd[1]: systemd 251.2-1-arch running in system mode (+PAM +AUDIT -SELINUX -APPARMOR -IMA +SMACK +SECCOMP +GCRYPT +GNUTLS +OPENSSL +ACL +BLKID +CURL +ELFUTILS +FIDO2 +IDN2 -IDN +IPTC +KMOD +LIBCRYPTSETUP +LIBFDISK +PCRE2 -PWQUALITY +P11KIT -QRENCODE +TPM2 +BZIP2 +LZ4 +XZ +ZLIB +ZSTD -BPF_FRAMEWORK +XKBCOMMON +UTMP -SYSVINIT default-hierarchy=unified)
Jun 22 13:16:53 rager systemd[1]: Detected architecture x86-64.
Jun 22 13:16:53 rager systemd[1]: Hostname set to <rager>.
